V3 11
FL C:/hlocal/XilinxProyectos/Practica5/pcores/ledrgb_v1_00_a/hdl/vhdl/ledrgb.vhd 2021/02/19.23:21:26 P.15xf
EN ledrgb_v1_00_a/ledrgb 1613778550 \
      FL C:/hlocal/XilinxProyectos/Practica5/pcores/ledrgb_v1_00_a/hdl/vhdl/ledrgb.vhd \
      PB ieee/std_logic_1164 1335251622 PB ieee/std_logic_arith 1335251623 \
      PB ieee/STD_LOGIC_UNSIGNED 1335251625 LB proc_common_v3_00_a \
      PB proc_common_v3_00_a/proc_common_pkg 1613778529 \
      PB proc_common_v3_00_a/ipif_pkg 1613778541 LB plbv46_slave_single_v1_01_a \
      EN plbv46_slave_single_v1_01_a/plbv46_slave_single 1613778546 \
      LB ledrgb_v1_00_a EN ledrgb_v1_00_a/user_logic 1613778548
AR ledrgb_v1_00_a/ledrgb/IMP 1613778551 \
      FL C:/hlocal/XilinxProyectos/Practica5/pcores/ledrgb_v1_00_a/hdl/vhdl/ledrgb.vhd \
      EN ledrgb_v1_00_a/ledrgb 1613778550 \
      CP plbv46_slave_single_v1_01_a/plbv46_slave_single \
      CP ledrgb_v1_00_a/user_logic
FL C:/hlocal/XilinxProyectos/Practica5/pcores/ledrgb_v1_00_a/hdl/vhdl/user_logic.vhd 2021/02/20.00:48:34 P.15xf
EN ledrgb_v1_00_a/user_logic 1613778548 \
      FL C:/hlocal/XilinxProyectos/Practica5/pcores/ledrgb_v1_00_a/hdl/vhdl/user_logic.vhd \
      PB ieee/std_logic_1164 1335251622 PB ieee/std_logic_arith 1335251623 \
      PB ieee/STD_LOGIC_UNSIGNED 1335251625 LB proc_common_v3_00_a \
      PB proc_common_v3_00_a/proc_common_pkg 1613778529
AR ledrgb_v1_00_a/user_logic/IMP 1613778549 \
      FL C:/hlocal/XilinxProyectos/Practica5/pcores/ledrgb_v1_00_a/hdl/vhdl/user_logic.vhd \
      EN ledrgb_v1_00_a/user_logic 1613778548
