EN pvr NULL C:/Xilinx/14.7/ISE_DS/EDK/hw/XilinxProcessorIPLib/pcores/microblaze_v8_50_c/hdl/vhdl/pvr.vhd sub01/vhpl100 1664372929
EN comparator NULL C:/Xilinx/14.7/ISE_DS/EDK/hw/XilinxProcessorIPLib/pcores/microblaze_v8_50_c/hdl/vhdl/comparator.vhd sub00/vhpl48 1664372877
AR mb_srlc16e imp C:/Xilinx/14.7/ISE_DS/EDK/hw/XilinxProcessorIPLib/pcores/microblaze_v8_50_c/hdl/vhdl/microblaze_primitives.vhd sub00/vhpl12 1664372841
AR alu_bit imp C:/Xilinx/14.7/ISE_DS/EDK/hw/XilinxProcessorIPLib/pcores/microblaze_v8_50_c/hdl/vhdl/alu_bit.vhd sub00/vhpl45 1664372874
EN pc_module_gti NULL C:/Xilinx/14.7/ISE_DS/EDK/hw/XilinxProcessorIPLib/pcores/microblaze_v8_50_c/hdl/vhdl/pc_module_gti.vhd sub01/vhpl104 1664372933
AR carry_compare_const imp C:/Xilinx/14.7/ISE_DS/EDK/hw/XilinxProcessorIPLib/pcores/microblaze_v8_50_c/hdl/vhdl/carry_compare_const.vhd sub00/vhpl27 1664372856
EN interrupt_mode_converter NULL C:/Xilinx/14.7/ISE_DS/EDK/hw/XilinxProcessorIPLib/pcores/microblaze_v8_50_c/hdl/vhdl/interrupt_mode_converter.vhd sub01/vhpl152 1664372981
EN carry_compare_const NULL C:/Xilinx/14.7/ISE_DS/EDK/hw/XilinxProcessorIPLib/pcores/microblaze_v8_50_c/hdl/vhdl/carry_compare_const.vhd sub00/vhpl26 1664372855
EN exception_registers_gti NULL C:/Xilinx/14.7/ISE_DS/EDK/hw/XilinxProcessorIPLib/pcores/microblaze_v8_50_c/hdl/vhdl/exception_registers_gti.vhd sub00/vhpl94 1664372923
EN zero_detect_gti NULL C:/Xilinx/14.7/ISE_DS/EDK/hw/XilinxProcessorIPLib/pcores/microblaze_v8_50_c/hdl/vhdl/zero_detect_gti.vhd sub00/vhpl86 1664372915
PB microblaze_types microblaze_types C:/Xilinx/14.7/ISE_DS/EDK/hw/XilinxProcessorIPLib/pcores/microblaze_v8_50_c/hdl/vhdl/microblaze_types_pkg_body.vhd sub00/vhpl01 1664372830
AR zero_detect_gti imp C:/Xilinx/14.7/ISE_DS/EDK/hw/XilinxProcessorIPLib/pcores/microblaze_v8_50_c/hdl/vhdl/zero_detect_gti.vhd sub00/vhpl87 1664372916
AR carry_or imp C:/Xilinx/14.7/ISE_DS/EDK/hw/XilinxProcessorIPLib/pcores/microblaze_v8_50_c/hdl/vhdl/carry_or.vhd sub00/vhpl51 1664372880
AR div_unit imp C:/Xilinx/14.7/ISE_DS/EDK/hw/XilinxProcessorIPLib/pcores/microblaze_v8_50_c/hdl/vhdl/div_unit.vhd sub01/vhpl137 1664372966
EN read_data_mux NULL C:/Xilinx/14.7/ISE_DS/EDK/hw/XilinxProcessorIPLib/pcores/microblaze_v8_50_c/hdl/vhdl/read_data_mux_gti.vhd sub01/vhpl184 1664373013
AR register_file_gti imp C:/Xilinx/14.7/ISE_DS/EDK/hw/XilinxProcessorIPLib/pcores/microblaze_v8_50_c/hdl/vhdl/register_file_gti.vhd sub00/vhpl73 1664372902
AR fpu_conv imp C:/Xilinx/14.7/ISE_DS/EDK/hw/XilinxProcessorIPLib/pcores/microblaze_v8_50_c/hdl/vhdl/fpu_conv.vhd sub00/vhpl37 1664372866
EN fpu_mul NULL C:/Xilinx/14.7/ISE_DS/EDK/hw/XilinxProcessorIPLib/pcores/microblaze_v8_50_c/hdl/vhdl/fpu_mul.vhd sub00/vhpl30 1664372859
AR carry_equal imp C:/Xilinx/14.7/ISE_DS/EDK/hw/XilinxProcessorIPLib/pcores/microblaze_v8_50_c/hdl/vhdl/carry_equal.vhd sub00/vhpl43 1664372872
EN address_data_hit NULL C:/Xilinx/14.7/ISE_DS/EDK/hw/XilinxProcessorIPLib/pcores/microblaze_v8_50_c/hdl/vhdl/address_data_hit.vhd sub01/vhpl122 1664372951
EN decode NULL C:/Xilinx/14.7/ISE_DS/EDK/hw/XilinxProcessorIPLib/pcores/microblaze_v8_50_c/hdl/vhdl/decode.vhd sub01/vhpl154 1664372983
AR operand_select_gti imp C:/Xilinx/14.7/ISE_DS/EDK/hw/XilinxProcessorIPLib/pcores/microblaze_v8_50_c/hdl/vhdl/operand_select_gti.vhd sub00/vhpl75 1664372904
EN instr_mux NULL C:/Xilinx/14.7/ISE_DS/EDK/hw/XilinxProcessorIPLib/pcores/microblaze_v8_50_c/hdl/vhdl/instr_mux.vhd sub01/vhpl178 1664373007
AR fpu_mul imp C:/Xilinx/14.7/ISE_DS/EDK/hw/XilinxProcessorIPLib/pcores/microblaze_v8_50_c/hdl/vhdl/fpu_mul.vhd sub00/vhpl31 1664372860
EN jump_logic NULL C:/Xilinx/14.7/ISE_DS/EDK/hw/XilinxProcessorIPLib/pcores/microblaze_v8_50_c/hdl/vhdl/jump_logic_gti.vhd sub01/vhpl108 1664372937
EN microblaze_core NULL C:/Xilinx/14.7/ISE_DS/EDK/hw/XilinxProcessorIPLib/pcores/microblaze_v8_50_c/hdl/vhdl/microblaze_core.vhd sub01/vhpl190 1664373019
EN fpu_conv NULL C:/Xilinx/14.7/ISE_DS/EDK/hw/XilinxProcessorIPLib/pcores/microblaze_v8_50_c/hdl/vhdl/fpu_conv.vhd sub00/vhpl36 1664372865
EN fpu_addsub NULL C:/Xilinx/14.7/ISE_DS/EDK/hw/XilinxProcessorIPLib/pcores/microblaze_v8_50_c/hdl/vhdl/fpu_addsub.vhd sub00/vhpl28 1664372857
AR mmu_utlb_ram imp C:/Xilinx/14.7/ISE_DS/EDK/hw/XilinxProcessorIPLib/pcores/microblaze_v8_50_c/hdl/vhdl/mmu_utlb_ram.vhd sub00/vhpl19 1664372848
AR msr_reg_bit imp C:/Xilinx/14.7/ISE_DS/EDK/hw/XilinxProcessorIPLib/pcores/microblaze_v8_50_c/hdl/vhdl/msr_reg_bit.vhd sub00/vhpl57 1664372886
EN address_hit NULL C:/Xilinx/14.7/ISE_DS/EDK/hw/XilinxProcessorIPLib/pcores/microblaze_v8_50_c/hdl/vhdl/address_hit.vhd sub01/vhpl120 1664372949
AR fsl_module imp C:/Xilinx/14.7/ISE_DS/EDK/hw/XilinxProcessorIPLib/pcores/microblaze_v8_50_c/hdl/vhdl/fsl_module.vhd sub01/vhpl149 1664372978
PH mmu_types NULL C:/Xilinx/14.7/ISE_DS/EDK/hw/XilinxProcessorIPLib/pcores/microblaze_v8_50_c/hdl/vhdl/mmu_types_pkg.vhd sub00/vhpl13 1664372842
EN mul_unit NULL C:/Xilinx/14.7/ISE_DS/EDK/hw/XilinxProcessorIPLib/pcores/microblaze_v8_50_c/hdl/vhdl/mul_unit.vhd sub00/vhpl80 1664372909
EN operand_select NULL C:/Xilinx/14.7/ISE_DS/EDK/hw/XilinxProcessorIPLib/pcores/microblaze_v8_50_c/hdl/vhdl/operand_select.vhd sub01/vhpl130 1664372959
EN data_flow_gti NULL C:/Xilinx/14.7/ISE_DS/EDK/hw/XilinxProcessorIPLib/pcores/microblaze_v8_50_c/hdl/vhdl/data_flow_gti.vhd sub01/vhpl182 1664373011
EN iaxi_interface NULL C:/Xilinx/14.7/ISE_DS/EDK/hw/XilinxProcessorIPLib/pcores/microblaze_v8_50_c/hdl/vhdl/iaxi_interface.vhd sub01/vhpl166 1664372995
AR shift_logic_module imp C:/Xilinx/14.7/ISE_DS/EDK/hw/XilinxProcessorIPLib/pcores/microblaze_v8_50_c/hdl/vhdl/shift_logic.vhd sub01/vhpl133 1664372962
AR data_flow_logic imp C:/Xilinx/14.7/ISE_DS/EDK/hw/XilinxProcessorIPLib/pcores/microblaze_v8_50_c/hdl/vhdl/data_flow_logic_gti.vhd sub00/vhpl91 1664372920
EN debug NULL C:/Xilinx/14.7/ISE_DS/EDK/hw/XilinxProcessorIPLib/pcores/microblaze_v8_50_c/hdl/vhdl/debug.vhd sub01/vhpl168 1664372997
AR decode imp C:/Xilinx/14.7/ISE_DS/EDK/hw/XilinxProcessorIPLib/pcores/microblaze_v8_50_c/hdl/vhdl/decode.vhd sub01/vhpl155 1664372984
AR srl_fifo imp C:/Xilinx/14.7/ISE_DS/EDK/hw/XilinxProcessorIPLib/pcores/microblaze_v8_50_c/hdl/vhdl/gen_srlfifo.vhd sub01/vhpl195 1664373024
EN exception_registers NULL C:/Xilinx/14.7/ISE_DS/EDK/hw/XilinxProcessorIPLib/pcores/microblaze_v8_50_c/hdl/vhdl/exception_registers.vhd sub01/vhpl176 1664373005
EN cache_valid_bit_detect NULL C:/Xilinx/14.7/ISE_DS/EDK/hw/XilinxProcessorIPLib/pcores/microblaze_v8_50_c/hdl/vhdl/cache_valid_bit_detect.vhd sub00/vhpl52 1664372881
EN mux4 NULL C:/Xilinx/14.7/ISE_DS/EDK/hw/XilinxProcessorIPLib/pcores/microblaze_v8_50_c/hdl/vhdl/mux4.vhd sub01/vhpl192 1664373021
AR carry_compare_mask imp C:/Xilinx/14.7/ISE_DS/EDK/hw/XilinxProcessorIPLib/pcores/microblaze_v8_50_c/hdl/vhdl/carry_compare_mask.vhd sub00/vhpl15 1664372844
AR shift_logic_bit imp C:/Xilinx/14.7/ISE_DS/EDK/hw/XilinxProcessorIPLib/pcores/microblaze_v8_50_c/hdl/vhdl/shift_logic_bit.vhd sub00/vhpl61 1664372890
AR mux4_8 imp C:/Xilinx/14.7/ISE_DS/EDK/hw/XilinxProcessorIPLib/pcores/microblaze_v8_50_c/hdl/vhdl/mux4_8.vhd sub01/vhpl127 1664372956
AR pc_bit imp C:/Xilinx/14.7/ISE_DS/EDK/hw/XilinxProcessorIPLib/pcores/microblaze_v8_50_c/hdl/vhdl/pc_bit.vhd sub00/vhpl55 1664372884
AR shift_logic_module_gti imp C:/Xilinx/14.7/ISE_DS/EDK/hw/XilinxProcessorIPLib/pcores/microblaze_v8_50_c/hdl/vhdl/shift_logic_gti.vhd sub00/vhpl79 1664372908
AR dsp_module imp C:/Xilinx/14.7/ISE_DS/EDK/hw/XilinxProcessorIPLib/pcores/microblaze_v8_50_c/hdl/vhdl/dsp_module.vhd sub00/vhpl06 1664372835
EN register_file NULL C:/Xilinx/14.7/ISE_DS/EDK/hw/XilinxProcessorIPLib/pcores/microblaze_v8_50_c/hdl/vhdl/register_file.vhd sub01/vhpl128 1664372957
EN fsl_module NULL C:/Xilinx/14.7/ISE_DS/EDK/hw/XilinxProcessorIPLib/pcores/microblaze_v8_50_c/hdl/vhdl/fsl_module.vhd sub01/vhpl148 1664372977
AR jump_logic imp C:/Xilinx/14.7/ISE_DS/EDK/hw/XilinxProcessorIPLib/pcores/microblaze_v8_50_c/hdl/vhdl/jump_logic_gti.vhd sub01/vhpl109 1664372938
EN div_unit_gti NULL C:/Xilinx/14.7/ISE_DS/EDK/hw/XilinxProcessorIPLib/pcores/microblaze_v8_50_c/hdl/vhdl/div_unit_gti.vhd sub00/vhpl96 1664372925
EN alu_bit NULL C:/Xilinx/14.7/ISE_DS/EDK/hw/XilinxProcessorIPLib/pcores/microblaze_v8_50_c/hdl/vhdl/alu_bit.vhd sub00/vhpl44 1664372873
EN pc_bit NULL C:/Xilinx/14.7/ISE_DS/EDK/hw/XilinxProcessorIPLib/pcores/microblaze_v8_50_c/hdl/vhdl/pc_bit.vhd sub00/vhpl54 1664372883
AR fpu_div imp C:/Xilinx/14.7/ISE_DS/EDK/hw/XilinxProcessorIPLib/pcores/microblaze_v8_50_c/hdl/vhdl/fpu_div.vhd sub00/vhpl33 1664372862
EN fpu NULL C:/Xilinx/14.7/ISE_DS/EDK/hw/XilinxProcessorIPLib/pcores/microblaze_v8_50_c/hdl/vhdl/fpu.vhd sub00/vhpl98 1664372927
AR dcache imp C:/Xilinx/14.7/ISE_DS/EDK/hw/XilinxProcessorIPLib/pcores/microblaze_v8_50_c/hdl/vhdl/dcache.vhd sub01/vhpl175 1664373004
EN carry_and NULL C:/Xilinx/14.7/ISE_DS/EDK/hw/XilinxProcessorIPLib/pcores/microblaze_v8_50_c/hdl/vhdl/carry_and.vhd sub00/vhpl03 1664372832
AR mmu_tlb imp C:/Xilinx/14.7/ISE_DS/EDK/hw/XilinxProcessorIPLib/pcores/microblaze_v8_50_c/hdl/vhdl/mmu_tlb.vhd sub00/vhpl69 1664372898
AR parity_recursive_lut6 imp C:/Xilinx/14.7/ISE_DS/EDK/hw/XilinxProcessorIPLib/pcores/microblaze_v8_50_c/hdl/vhdl/parity.vhd sub00/vhpl21 1664372850
EN register_file_bit NULL C:/Xilinx/14.7/ISE_DS/EDK/hw/XilinxProcessorIPLib/pcores/microblaze_v8_50_c/hdl/vhdl/register_file_bit.vhd sub00/vhpl64 1664372893
EN mmu_utlb_ram NULL C:/Xilinx/14.7/ISE_DS/EDK/hw/XilinxProcessorIPLib/pcores/microblaze_v8_50_c/hdl/vhdl/mmu_utlb_ram.vhd sub00/vhpl18 1664372847
AR decode_gti imp C:/Xilinx/14.7/ISE_DS/EDK/hw/XilinxProcessorIPLib/pcores/microblaze_v8_50_c/hdl/vhdl/decode_gti.vhd sub01/vhpl181 1664373010
EN msr_reg_bit NULL C:/Xilinx/14.7/ISE_DS/EDK/hw/XilinxProcessorIPLib/pcores/microblaze_v8_50_c/hdl/vhdl/msr_reg_bit.vhd sub00/vhpl56 1664372885
AR parity imp C:/Xilinx/14.7/ISE_DS/EDK/hw/XilinxProcessorIPLib/pcores/microblaze_v8_50_c/hdl/vhdl/parity.vhd sub00/vhpl23 1664372852
AR address_hit imp C:/Xilinx/14.7/ISE_DS/EDK/hw/XilinxProcessorIPLib/pcores/microblaze_v8_50_c/hdl/vhdl/address_hit.vhd sub01/vhpl121 1664372950
EN operand_select_bit NULL C:/Xilinx/14.7/ISE_DS/EDK/hw/XilinxProcessorIPLib/pcores/microblaze_v8_50_c/hdl/vhdl/operand_select_bit.vhd sub00/vhpl62 1664372891
EN shift_logic_module NULL C:/Xilinx/14.7/ISE_DS/EDK/hw/XilinxProcessorIPLib/pcores/microblaze_v8_50_c/hdl/vhdl/shift_logic.vhd sub01/vhpl132 1664372961
EN data_flow_logic NULL C:/Xilinx/14.7/ISE_DS/EDK/hw/XilinxProcessorIPLib/pcores/microblaze_v8_50_c/hdl/vhdl/data_flow_logic_gti.vhd sub00/vhpl90 1664372919
EN zero_detect NULL C:/Xilinx/14.7/ISE_DS/EDK/hw/XilinxProcessorIPLib/pcores/microblaze_v8_50_c/hdl/vhdl/zero_detect.vhd sub01/vhpl140 1664372969
AR address_data_hit imp C:/Xilinx/14.7/ISE_DS/EDK/hw/XilinxProcessorIPLib/pcores/microblaze_v8_50_c/hdl/vhdl/address_data_hit.vhd sub01/vhpl123 1664372952
EN fpu_div NULL C:/Xilinx/14.7/ISE_DS/EDK/hw/XilinxProcessorIPLib/pcores/microblaze_v8_50_c/hdl/vhdl/fpu_div.vhd sub00/vhpl32 1664372861
EN shift_logic_module_gti NULL C:/Xilinx/14.7/ISE_DS/EDK/hw/XilinxProcessorIPLib/pcores/microblaze_v8_50_c/hdl/vhdl/shift_logic_gti.vhd sub00/vhpl78 1664372907
PH microblaze_types NULL C:/Xilinx/14.7/ISE_DS/EDK/hw/XilinxProcessorIPLib/pcores/microblaze_v8_50_c/hdl/vhdl/microblaze_types_pkg.vhd sub00/vhpl00 1664372829
EN decode_gti NULL C:/Xilinx/14.7/ISE_DS/EDK/hw/XilinxProcessorIPLib/pcores/microblaze_v8_50_c/hdl/vhdl/decode_gti.vhd sub01/vhpl180 1664373009
EN cache_interface NULL C:/Xilinx/14.7/ISE_DS/EDK/hw/XilinxProcessorIPLib/pcores/microblaze_v8_50_c/hdl/vhdl/cache_interface.vhd sub00/vhpl70 1664372899
AR iaxi_interface imp C:/Xilinx/14.7/ISE_DS/EDK/hw/XilinxProcessorIPLib/pcores/microblaze_v8_50_c/hdl/vhdl/iaxi_interface.vhd sub01/vhpl167 1664372996
AR interrupt_mode_converter imp C:/Xilinx/14.7/ISE_DS/EDK/hw/XilinxProcessorIPLib/pcores/microblaze_v8_50_c/hdl/vhdl/interrupt_mode_converter.vhd sub01/vhpl153 1664372982
EN dcache_wb NULL C:/Xilinx/14.7/ISE_DS/EDK/hw/XilinxProcessorIPLib/pcores/microblaze_v8_50_c/hdl/vhdl/dcache_wb.vhd sub01/vhpl172 1664373001
EN stack_protection NULL C:/Xilinx/14.7/ISE_DS/EDK/hw/XilinxProcessorIPLib/pcores/microblaze_v8_50_c/hdl/vhdl/stack_protection.vhd sub01/vhpl102 1664372931
AR data_read_steering imp C:/Xilinx/14.7/ISE_DS/EDK/hw/XilinxProcessorIPLib/pcores/microblaze_v8_50_c/hdl/vhdl/data_read_steering.vhd sub01/vhpl125 1664372954
AR vec_mux imp C:/Xilinx/14.7/ISE_DS/EDK/hw/XilinxProcessorIPLib/pcores/microblaze_v8_50_c/hdl/vhdl/vec_mux.vhd sub01/vhpl113 1664372942
AR daxi_interface imp C:/Xilinx/14.7/ISE_DS/EDK/hw/XilinxProcessorIPLib/pcores/microblaze_v8_50_c/hdl/vhdl/daxi_interface.vhd sub01/vhpl163 1664372992
AR instr_mux imp C:/Xilinx/14.7/ISE_DS/EDK/hw/XilinxProcessorIPLib/pcores/microblaze_v8_50_c/hdl/vhdl/instr_mux.vhd sub01/vhpl179 1664373008
AR mb_srl16e imp C:/Xilinx/14.7/ISE_DS/EDK/hw/XilinxProcessorIPLib/pcores/microblaze_v8_50_c/hdl/vhdl/microblaze_primitives.vhd sub00/vhpl10 1664372839
AR cache_valid_bit_detect imp C:/Xilinx/14.7/ISE_DS/EDK/hw/XilinxProcessorIPLib/pcores/microblaze_v8_50_c/hdl/vhdl/cache_valid_bit_detect.vhd sub00/vhpl53 1664372882
EN fpu_sqrt NULL C:/Xilinx/14.7/ISE_DS/EDK/hw/XilinxProcessorIPLib/pcores/microblaze_v8_50_c/hdl/vhdl/fpu_sqrt.vhd sub00/vhpl34 1664372863
EN mmu_tlb NULL C:/Xilinx/14.7/ISE_DS/EDK/hw/XilinxProcessorIPLib/pcores/microblaze_v8_50_c/hdl/vhdl/mmu_tlb.vhd sub00/vhpl68 1664372897
AR lru_module lru_module C:/Xilinx/14.7/ISE_DS/EDK/hw/XilinxProcessorIPLib/pcores/microblaze_v8_50_c/hdl/vhdl/victim_cache.vhd sub01/vhpl115 1664372944
EN dplb_interface NULL C:/Xilinx/14.7/ISE_DS/EDK/hw/XilinxProcessorIPLib/pcores/microblaze_v8_50_c/hdl/vhdl/dplb_interface.vhd sub01/vhpl160 1664372989
AR cachehit_detect imp C:/Xilinx/14.7/ISE_DS/EDK/hw/XilinxProcessorIPLib/pcores/microblaze_v8_50_c/hdl/vhdl/cachehit_detect.vhd sub01/vhpl111 1664372940
AR microblaze_core imp C:/Xilinx/14.7/ISE_DS/EDK/hw/XilinxProcessorIPLib/pcores/microblaze_v8_50_c/hdl/vhdl/microblaze_core.vhd sub01/vhpl191 1664373020
AR msr_reg_gti msr_reg C:/Xilinx/14.7/ISE_DS/EDK/hw/XilinxProcessorIPLib/pcores/microblaze_v8_50_c/hdl/vhdl/msr_reg_gti.vhd sub00/vhpl93 1664372922
AR fpu imp C:/Xilinx/14.7/ISE_DS/EDK/hw/XilinxProcessorIPLib/pcores/microblaze_v8_50_c/hdl/vhdl/fpu.vhd sub00/vhpl99 1664372928
EN data_flow NULL C:/Xilinx/14.7/ISE_DS/EDK/hw/XilinxProcessorIPLib/pcores/microblaze_v8_50_c/hdl/vhdl/data_flow.vhd sub01/vhpl156 1664372985
EN dcache_gti NULL C:/Xilinx/14.7/ISE_DS/EDK/hw/XilinxProcessorIPLib/pcores/microblaze_v8_50_c/hdl/vhdl/dcache_gti.vhd sub01/vhpl186 1664373015
EN srl_fifo NULL C:/Xilinx/14.7/ISE_DS/EDK/hw/XilinxProcessorIPLib/pcores/microblaze_v8_50_c/hdl/vhdl/gen_srlfifo.vhd sub01/vhpl194 1664373023
EN barrel_shift NULL C:/Xilinx/14.7/ISE_DS/EDK/hw/XilinxProcessorIPLib/pcores/microblaze_v8_50_c/hdl/vhdl/barrel_shifter.vhd sub01/vhpl134 1664372963
EN vec_mux NULL C:/Xilinx/14.7/ISE_DS/EDK/hw/XilinxProcessorIPLib/pcores/microblaze_v8_50_c/hdl/vhdl/vec_mux.vhd sub01/vhpl112 1664372941
AR iplb_interface imp C:/Xilinx/14.7/ISE_DS/EDK/hw/XilinxProcessorIPLib/pcores/microblaze_v8_50_c/hdl/vhdl/iplb_interface.vhd sub01/vhpl165 1664372994
AR prefetch_buffer imp C:/Xilinx/14.7/ISE_DS/EDK/hw/XilinxProcessorIPLib/pcores/microblaze_v8_50_c/hdl/vhdl/prefetch_buffer.vhd sub01/vhpl147 1664372976
EN shift_logic_bit NULL C:/Xilinx/14.7/ISE_DS/EDK/hw/XilinxProcessorIPLib/pcores/microblaze_v8_50_c/hdl/vhdl/shift_logic_bit.vhd sub00/vhpl60 1664372889
EN carry_compare_mask NULL C:/Xilinx/14.7/ISE_DS/EDK/hw/XilinxProcessorIPLib/pcores/microblaze_v8_50_c/hdl/vhdl/carry_compare_mask.vhd sub00/vhpl14 1664372843
AR ram_module imp C:/Xilinx/14.7/ISE_DS/EDK/hw/XilinxProcessorIPLib/pcores/microblaze_v8_50_c/hdl/vhdl/ram_module.vhd sub00/vhpl47 1664372876
AR alu imp C:/Xilinx/14.7/ISE_DS/EDK/hw/XilinxProcessorIPLib/pcores/microblaze_v8_50_c/hdl/vhdl/alu.vhd sub00/vhpl77 1664372906
EN mmu_utlb NULL C:/Xilinx/14.7/ISE_DS/EDK/hw/XilinxProcessorIPLib/pcores/microblaze_v8_50_c/hdl/vhdl/mmu_utlb.vhd sub00/vhpl66 1664372895
AR barrel_shifter_gti imp C:/Xilinx/14.7/ISE_DS/EDK/hw/XilinxProcessorIPLib/pcores/microblaze_v8_50_c/hdl/vhdl/barrel_shifter_gti.vhd sub00/vhpl83 1664372912
AR prefetch_buffer_gti imp C:/Xilinx/14.7/ISE_DS/EDK/hw/XilinxProcessorIPLib/pcores/microblaze_v8_50_c/hdl/vhdl/prefetch_buffer_gti.vhd sub01/vhpl107 1664372936
AR dplb_interface imp C:/Xilinx/14.7/ISE_DS/EDK/hw/XilinxProcessorIPLib/pcores/microblaze_v8_50_c/hdl/vhdl/dplb_interface.vhd sub01/vhpl161 1664372990
EN carry_equal NULL C:/Xilinx/14.7/ISE_DS/EDK/hw/XilinxProcessorIPLib/pcores/microblaze_v8_50_c/hdl/vhdl/carry_equal.vhd sub00/vhpl42 1664372871
EN dcache NULL C:/Xilinx/14.7/ISE_DS/EDK/hw/XilinxProcessorIPLib/pcores/microblaze_v8_50_c/hdl/vhdl/dcache.vhd sub01/vhpl174 1664373003
AR victim_cache imp C:/Xilinx/14.7/ISE_DS/EDK/hw/XilinxProcessorIPLib/pcores/microblaze_v8_50_c/hdl/vhdl/victim_cache.vhd sub01/vhpl117 1664372946
AR pvr imp C:/Xilinx/14.7/ISE_DS/EDK/hw/XilinxProcessorIPLib/pcores/microblaze_v8_50_c/hdl/vhdl/pvr.vhd sub01/vhpl101 1664372930
EN ram_module NULL C:/Xilinx/14.7/ISE_DS/EDK/hw/XilinxProcessorIPLib/pcores/microblaze_v8_50_c/hdl/vhdl/ram_module.vhd sub00/vhpl46 1664372875
AR cache_interface imp C:/Xilinx/14.7/ISE_DS/EDK/hw/XilinxProcessorIPLib/pcores/microblaze_v8_50_c/hdl/vhdl/cache_interface.vhd sub00/vhpl71 1664372900
AR mux_bus imp C:/Xilinx/14.7/ISE_DS/EDK/hw/XilinxProcessorIPLib/pcores/microblaze_v8_50_c/hdl/vhdl/mux_bus.vhd sub00/vhpl25 1664372854
EN mux_bus NULL C:/Xilinx/14.7/ISE_DS/EDK/hw/XilinxProcessorIPLib/pcores/microblaze_v8_50_c/hdl/vhdl/mux_bus.vhd sub00/vhpl24 1664372853
AR register_file_bit imp C:/Xilinx/14.7/ISE_DS/EDK/hw/XilinxProcessorIPLib/pcores/microblaze_v8_50_c/hdl/vhdl/register_file_bit.vhd sub00/vhpl65 1664372894
AR mmu imp C:/Xilinx/14.7/ISE_DS/EDK/hw/XilinxProcessorIPLib/pcores/microblaze_v8_50_c/hdl/vhdl/mmu.vhd sub01/vhpl189 1664373018
AR register_file imp C:/Xilinx/14.7/ISE_DS/EDK/hw/XilinxProcessorIPLib/pcores/microblaze_v8_50_c/hdl/vhdl/register_file.vhd sub01/vhpl129 1664372958
AR msr_reg imp C:/Xilinx/14.7/ISE_DS/EDK/hw/XilinxProcessorIPLib/pcores/microblaze_v8_50_c/hdl/vhdl/msr_reg.vhd sub01/vhpl143 1664372972
AR comparator imp C:/Xilinx/14.7/ISE_DS/EDK/hw/XilinxProcessorIPLib/pcores/microblaze_v8_50_c/hdl/vhdl/comparator.vhd sub00/vhpl49 1664372878
AR data_flow_gti imp C:/Xilinx/14.7/ISE_DS/EDK/hw/XilinxProcessorIPLib/pcores/microblaze_v8_50_c/hdl/vhdl/data_flow_gti.vhd sub01/vhpl183 1664373012
AR operand_select imp C:/Xilinx/14.7/ISE_DS/EDK/hw/XilinxProcessorIPLib/pcores/microblaze_v8_50_c/hdl/vhdl/operand_select.vhd sub01/vhpl131 1664372960
AR operand_select_bit imp C:/Xilinx/14.7/ISE_DS/EDK/hw/XilinxProcessorIPLib/pcores/microblaze_v8_50_c/hdl/vhdl/operand_select_bit.vhd sub00/vhpl63 1664372892
AR dcache_gti imp C:/Xilinx/14.7/ISE_DS/EDK/hw/XilinxProcessorIPLib/pcores/microblaze_v8_50_c/hdl/vhdl/dcache_gti.vhd sub01/vhpl187 1664373016
EN carry_or NULL C:/Xilinx/14.7/ISE_DS/EDK/hw/XilinxProcessorIPLib/pcores/microblaze_v8_50_c/hdl/vhdl/carry_or.vhd sub00/vhpl50 1664372879
AR debug imp C:/Xilinx/14.7/ISE_DS/EDK/hw/XilinxProcessorIPLib/pcores/microblaze_v8_50_c/hdl/vhdl/debug.vhd sub01/vhpl169 1664372998
EN result_mux_bit NULL C:/Xilinx/14.7/ISE_DS/EDK/hw/XilinxProcessorIPLib/pcores/microblaze_v8_50_c/hdl/vhdl/result_mux_bit.vhd sub00/vhpl58 1664372887
EN victim_cache NULL C:/Xilinx/14.7/ISE_DS/EDK/hw/XilinxProcessorIPLib/pcores/microblaze_v8_50_c/hdl/vhdl/victim_cache.vhd sub01/vhpl116 1664372945
EN msr_reg NULL C:/Xilinx/14.7/ISE_DS/EDK/hw/XilinxProcessorIPLib/pcores/microblaze_v8_50_c/hdl/vhdl/msr_reg.vhd sub01/vhpl142 1664372971
AR byte_doublet_handle_gti imp C:/Xilinx/14.7/ISE_DS/EDK/hw/XilinxProcessorIPLib/pcores/microblaze_v8_50_c/hdl/vhdl/byte_doublet_handle_gti.vhd sub00/vhpl89 1664372918
EN daxi_interface NULL C:/Xilinx/14.7/ISE_DS/EDK/hw/XilinxProcessorIPLib/pcores/microblaze_v8_50_c/hdl/vhdl/daxi_interface.vhd sub01/vhpl162 1664372991
AR mmu_utlb imp C:/Xilinx/14.7/ISE_DS/EDK/hw/XilinxProcessorIPLib/pcores/microblaze_v8_50_c/hdl/vhdl/mmu_utlb.vhd sub00/vhpl67 1664372896
AR streaming_axi imp C:/Xilinx/14.7/ISE_DS/EDK/hw/XilinxProcessorIPLib/pcores/microblaze_v8_50_c/hdl/vhdl/streaming_axi.vhd sub01/vhpl151 1664372980
AR find_first_bit imp C:/Xilinx/14.7/ISE_DS/EDK/hw/XilinxProcessorIPLib/pcores/microblaze_v8_50_c/hdl/vhdl/find_first_bit.vhd sub00/vhpl08 1664372837
EN streaming_axi NULL C:/Xilinx/14.7/ISE_DS/EDK/hw/XilinxProcessorIPLib/pcores/microblaze_v8_50_c/hdl/vhdl/streaming_axi.vhd sub01/vhpl150 1664372979
AR byte_doublet_handle imp C:/Xilinx/14.7/ISE_DS/EDK/hw/XilinxProcessorIPLib/pcores/microblaze_v8_50_c/hdl/vhdl/byte_doublet_handle.vhd sub01/vhpl159 1664372988
AR microblaze imp C:/Xilinx/14.7/ISE_DS/EDK/hw/XilinxProcessorIPLib/pcores/microblaze_v8_50_c/hdl/vhdl/microblaze.vhd sub01/vhpl197 1664373026
AR carry_compare imp C:/Xilinx/14.7/ISE_DS/EDK/hw/XilinxProcessorIPLib/pcores/microblaze_v8_50_c/hdl/vhdl/carry_compare.vhd sub00/vhpl17 1664372846
AR fpu_addsub imp C:/Xilinx/14.7/ISE_DS/EDK/hw/XilinxProcessorIPLib/pcores/microblaze_v8_50_c/hdl/vhdl/fpu_addsub.vhd sub00/vhpl29 1664372858
EN wb_mux_bit NULL C:/Xilinx/14.7/ISE_DS/EDK/hw/XilinxProcessorIPLib/pcores/microblaze_v8_50_c/hdl/vhdl/wb_mux_bit_gti.vhd sub00/vhpl38 1664372867
EN prefetch_buffer_gti NULL C:/Xilinx/14.7/ISE_DS/EDK/hw/XilinxProcessorIPLib/pcores/microblaze_v8_50_c/hdl/vhdl/prefetch_buffer_gti.vhd sub01/vhpl106 1664372935
EN barrel_shifter_gti NULL C:/Xilinx/14.7/ISE_DS/EDK/hw/XilinxProcessorIPLib/pcores/microblaze_v8_50_c/hdl/vhdl/barrel_shifter_gti.vhd sub00/vhpl82 1664372911
AR carry_and imp C:/Xilinx/14.7/ISE_DS/EDK/hw/XilinxProcessorIPLib/pcores/microblaze_v8_50_c/hdl/vhdl/carry_and.vhd sub00/vhpl04 1664372833
EN icache NULL C:/Xilinx/14.7/ISE_DS/EDK/hw/XilinxProcessorIPLib/pcores/microblaze_v8_50_c/hdl/vhdl/icache.vhd sub01/vhpl170 1664372999
AR fpu_sqrt imp C:/Xilinx/14.7/ISE_DS/EDK/hw/XilinxProcessorIPLib/pcores/microblaze_v8_50_c/hdl/vhdl/fpu_sqrt.vhd sub00/vhpl35 1664372864
EN mmu NULL C:/Xilinx/14.7/ISE_DS/EDK/hw/XilinxProcessorIPLib/pcores/microblaze_v8_50_c/hdl/vhdl/mmu.vhd sub01/vhpl188 1664373017
AR stream_cache imp C:/Xilinx/14.7/ISE_DS/EDK/hw/XilinxProcessorIPLib/pcores/microblaze_v8_50_c/hdl/vhdl/stream_cache.vhd sub01/vhpl119 1664372948
EN data_read_steering NULL C:/Xilinx/14.7/ISE_DS/EDK/hw/XilinxProcessorIPLib/pcores/microblaze_v8_50_c/hdl/vhdl/data_read_steering.vhd sub01/vhpl124 1664372953
AR icache imp C:/Xilinx/14.7/ISE_DS/EDK/hw/XilinxProcessorIPLib/pcores/microblaze_v8_50_c/hdl/vhdl/icache.vhd sub01/vhpl171 1664373000
EN pc_module NULL C:/Xilinx/14.7/ISE_DS/EDK/hw/XilinxProcessorIPLib/pcores/microblaze_v8_50_c/hdl/vhdl/pc_module.vhd sub01/vhpl144 1664372973
AR count_leading_zeros imp C:/Xilinx/14.7/ISE_DS/EDK/hw/XilinxProcessorIPLib/pcores/microblaze_v8_50_c/hdl/vhdl/count_leading_zero.vhd sub00/vhpl41 1664372870
EN cachehit_detect NULL C:/Xilinx/14.7/ISE_DS/EDK/hw/XilinxProcessorIPLib/pcores/microblaze_v8_50_c/hdl/vhdl/cachehit_detect.vhd sub01/vhpl110 1664372939
EN register_file_gti NULL C:/Xilinx/14.7/ISE_DS/EDK/hw/XilinxProcessorIPLib/pcores/microblaze_v8_50_c/hdl/vhdl/register_file_gti.vhd sub00/vhpl72 1664372901
EN carry_compare NULL C:/Xilinx/14.7/ISE_DS/EDK/hw/XilinxProcessorIPLib/pcores/microblaze_v8_50_c/hdl/vhdl/carry_compare.vhd sub00/vhpl16 1664372845
EN msr_reg_gti NULL C:/Xilinx/14.7/ISE_DS/EDK/hw/XilinxProcessorIPLib/pcores/microblaze_v8_50_c/hdl/vhdl/msr_reg_gti.vhd sub00/vhpl92 1664372921
EN operand_select_gti NULL C:/Xilinx/14.7/ISE_DS/EDK/hw/XilinxProcessorIPLib/pcores/microblaze_v8_50_c/hdl/vhdl/operand_select_gti.vhd sub00/vhpl74 1664372903
EN parity NULL C:/Xilinx/14.7/ISE_DS/EDK/hw/XilinxProcessorIPLib/pcores/microblaze_v8_50_c/hdl/vhdl/parity.vhd sub00/vhpl22 1664372851
EN wb_mux NULL C:/Xilinx/14.7/ISE_DS/EDK/hw/XilinxProcessorIPLib/pcores/microblaze_v8_50_c/hdl/vhdl/wb_mux_gti.vhd sub00/vhpl84 1664372913
AR pc_module_gti imp C:/Xilinx/14.7/ISE_DS/EDK/hw/XilinxProcessorIPLib/pcores/microblaze_v8_50_c/hdl/vhdl/pc_module_gti.vhd sub01/vhpl105 1664372934
EN count_leading_zeros NULL C:/Xilinx/14.7/ISE_DS/EDK/hw/XilinxProcessorIPLib/pcores/microblaze_v8_50_c/hdl/vhdl/count_leading_zero.vhd sub00/vhpl40 1664372869
AR barrel_shift imp C:/Xilinx/14.7/ISE_DS/EDK/hw/XilinxProcessorIPLib/pcores/microblaze_v8_50_c/hdl/vhdl/barrel_shifter.vhd sub01/vhpl135 1664372964
AR div_unit_gti imp C:/Xilinx/14.7/ISE_DS/EDK/hw/XilinxProcessorIPLib/pcores/microblaze_v8_50_c/hdl/vhdl/div_unit_gti.vhd sub00/vhpl97 1664372926
EN dsp_module NULL C:/Xilinx/14.7/ISE_DS/EDK/hw/XilinxProcessorIPLib/pcores/microblaze_v8_50_c/hdl/vhdl/dsp_module.vhd sub00/vhpl05 1664372834
EN find_first_bit NULL C:/Xilinx/14.7/ISE_DS/EDK/hw/XilinxProcessorIPLib/pcores/microblaze_v8_50_c/hdl/vhdl/find_first_bit.vhd sub00/vhpl07 1664372836
AR pc_module imp C:/Xilinx/14.7/ISE_DS/EDK/hw/XilinxProcessorIPLib/pcores/microblaze_v8_50_c/hdl/vhdl/pc_module.vhd sub01/vhpl145 1664372974
EN stream_cache NULL C:/Xilinx/14.7/ISE_DS/EDK/hw/XilinxProcessorIPLib/pcores/microblaze_v8_50_c/hdl/vhdl/stream_cache.vhd sub01/vhpl118 1664372947
EN parity_recursive_lut6 NULL C:/Xilinx/14.7/ISE_DS/EDK/hw/XilinxProcessorIPLib/pcores/microblaze_v8_50_c/hdl/vhdl/parity.vhd sub00/vhpl20 1664372849
AR exception_registers imp C:/Xilinx/14.7/ISE_DS/EDK/hw/XilinxProcessorIPLib/pcores/microblaze_v8_50_c/hdl/vhdl/exception_registers.vhd sub01/vhpl177 1664373006
AR result_mux imp C:/Xilinx/14.7/ISE_DS/EDK/hw/XilinxProcessorIPLib/pcores/microblaze_v8_50_c/hdl/vhdl/result_mux.vhd sub01/vhpl139 1664372968
AR zero_detect imp C:/Xilinx/14.7/ISE_DS/EDK/hw/XilinxProcessorIPLib/pcores/microblaze_v8_50_c/hdl/vhdl/zero_detect.vhd sub01/vhpl141 1664372970
EN byte_doublet_handle_gti NULL C:/Xilinx/14.7/ISE_DS/EDK/hw/XilinxProcessorIPLib/pcores/microblaze_v8_50_c/hdl/vhdl/byte_doublet_handle_gti.vhd sub00/vhpl88 1664372917
EN mb_srlc16e NULL C:/Xilinx/14.7/ISE_DS/EDK/hw/XilinxProcessorIPLib/pcores/microblaze_v8_50_c/hdl/vhdl/microblaze_primitives.vhd sub00/vhpl11 1664372840
AR mux4 imp C:/Xilinx/14.7/ISE_DS/EDK/hw/XilinxProcessorIPLib/pcores/microblaze_v8_50_c/hdl/vhdl/mux4.vhd sub01/vhpl193 1664373022
EN mux4_8 NULL C:/Xilinx/14.7/ISE_DS/EDK/hw/XilinxProcessorIPLib/pcores/microblaze_v8_50_c/hdl/vhdl/mux4_8.vhd sub01/vhpl126 1664372955
AR exception_registers_gti imp C:/Xilinx/14.7/ISE_DS/EDK/hw/XilinxProcessorIPLib/pcores/microblaze_v8_50_c/hdl/vhdl/exception_registers_gti.vhd sub00/vhpl95 1664372924
EN mb_srl16e NULL C:/Xilinx/14.7/ISE_DS/EDK/hw/XilinxProcessorIPLib/pcores/microblaze_v8_50_c/hdl/vhdl/microblaze_primitives.vhd sub00/vhpl09 1664372838
AR wb_mux_bit imp C:/Xilinx/14.7/ISE_DS/EDK/hw/XilinxProcessorIPLib/pcores/microblaze_v8_50_c/hdl/vhdl/wb_mux_bit_gti.vhd sub00/vhpl39 1664372868
AR read_data_mux imp C:/Xilinx/14.7/ISE_DS/EDK/hw/XilinxProcessorIPLib/pcores/microblaze_v8_50_c/hdl/vhdl/read_data_mux_gti.vhd sub01/vhpl185 1664373014
EN lru_module NULL C:/Xilinx/14.7/ISE_DS/EDK/hw/XilinxProcessorIPLib/pcores/microblaze_v8_50_c/hdl/vhdl/victim_cache.vhd sub01/vhpl114 1664372943
EN alu NULL C:/Xilinx/14.7/ISE_DS/EDK/hw/XilinxProcessorIPLib/pcores/microblaze_v8_50_c/hdl/vhdl/alu.vhd sub00/vhpl76 1664372905
AR result_mux_bit imp C:/Xilinx/14.7/ISE_DS/EDK/hw/XilinxProcessorIPLib/pcores/microblaze_v8_50_c/hdl/vhdl/result_mux_bit.vhd sub00/vhpl59 1664372888
AR wb_mux imp C:/Xilinx/14.7/ISE_DS/EDK/hw/XilinxProcessorIPLib/pcores/microblaze_v8_50_c/hdl/vhdl/wb_mux_gti.vhd sub00/vhpl85 1664372914
AR dcache_wb imp C:/Xilinx/14.7/ISE_DS/EDK/hw/XilinxProcessorIPLib/pcores/microblaze_v8_50_c/hdl/vhdl/dcache_wb.vhd sub01/vhpl173 1664373002
AR stack_protection imp C:/Xilinx/14.7/ISE_DS/EDK/hw/XilinxProcessorIPLib/pcores/microblaze_v8_50_c/hdl/vhdl/stack_protection.vhd sub01/vhpl103 1664372932
AR mul_unit imp C:/Xilinx/14.7/ISE_DS/EDK/hw/XilinxProcessorIPLib/pcores/microblaze_v8_50_c/hdl/vhdl/mul_unit.vhd sub00/vhpl81 1664372910
PH microblaze_isa NULL C:/Xilinx/14.7/ISE_DS/EDK/hw/XilinxProcessorIPLib/pcores/microblaze_v8_50_c/hdl/vhdl/microblaze_isa_be_pkg.vhd sub00/vhpl02 1664372831
EN result_mux NULL C:/Xilinx/14.7/ISE_DS/EDK/hw/XilinxProcessorIPLib/pcores/microblaze_v8_50_c/hdl/vhdl/result_mux.vhd sub01/vhpl138 1664372967
EN div_unit NULL C:/Xilinx/14.7/ISE_DS/EDK/hw/XilinxProcessorIPLib/pcores/microblaze_v8_50_c/hdl/vhdl/div_unit.vhd sub01/vhpl136 1664372965
AR data_flow imp C:/Xilinx/14.7/ISE_DS/EDK/hw/XilinxProcessorIPLib/pcores/microblaze_v8_50_c/hdl/vhdl/data_flow.vhd sub01/vhpl157 1664372986
EN byte_doublet_handle NULL C:/Xilinx/14.7/ISE_DS/EDK/hw/XilinxProcessorIPLib/pcores/microblaze_v8_50_c/hdl/vhdl/byte_doublet_handle.vhd sub01/vhpl158 1664372987
EN microblaze NULL C:/Xilinx/14.7/ISE_DS/EDK/hw/XilinxProcessorIPLib/pcores/microblaze_v8_50_c/hdl/vhdl/microblaze.vhd sub01/vhpl196 1664373025
EN iplb_interface NULL C:/Xilinx/14.7/ISE_DS/EDK/hw/XilinxProcessorIPLib/pcores/microblaze_v8_50_c/hdl/vhdl/iplb_interface.vhd sub01/vhpl164 1664372993
EN prefetch_buffer NULL C:/Xilinx/14.7/ISE_DS/EDK/hw/XilinxProcessorIPLib/pcores/microblaze_v8_50_c/hdl/vhdl/prefetch_buffer.vhd sub01/vhpl146 1664372975
