V3 522
FL $XILINX/hw/XilinxProcessorIPLib/pcores/microblaze_v8_50_c/hdl/vhdl/address_data_hit.vhd 2013/10/13.23:35:29 P.20131013
EN microblaze_v8_50_c/address_data_hit 1664372951 \
      FL $XILINX/hw/XilinxProcessorIPLib/pcores/microblaze_v8_50_c/hdl/vhdl/address_data_hit.vhd \
      PB ieee/std_logic_1164 1381692176 PB ieee/NUMERIC_STD 1381692181 \
      LB Microblaze_v8_50_c PB microblaze_v8_50_c/MicroBlaze_Types 1664372830 \
      PH microblaze_v8_50_c/MicroBlaze_ISA 1664372831
AR microblaze_v8_50_c/address_data_hit/IMP 1664372952 \
      FL $XILINX/hw/XilinxProcessorIPLib/pcores/microblaze_v8_50_c/hdl/vhdl/address_data_hit.vhd \
      EN microblaze_v8_50_c/address_data_hit 1664372951 LB unisim \
      PH unisim/VCOMPONENTS 1381692182 CP MB_SRLC16E CP MUXCY CP SRL16_ARRAY_TYPE
FL $XILINX/hw/XilinxProcessorIPLib/pcores/microblaze_v8_50_c/hdl/vhdl/address_hit.vhd 2013/10/13.23:35:28 P.20131013
EN microblaze_v8_50_c/address_hit 1664372949 \
      FL $XILINX/hw/XilinxProcessorIPLib/pcores/microblaze_v8_50_c/hdl/vhdl/address_hit.vhd \
      PB ieee/std_logic_1164 1381692176 PB ieee/NUMERIC_STD 1381692181 \
      LB Microblaze_v8_50_c PB microblaze_v8_50_c/MicroBlaze_Types 1664372830 \
      PH microblaze_v8_50_c/MicroBlaze_ISA 1664372831
AR microblaze_v8_50_c/address_hit/IMP 1664372950 \
      FL $XILINX/hw/XilinxProcessorIPLib/pcores/microblaze_v8_50_c/hdl/vhdl/address_hit.vhd \
      EN microblaze_v8_50_c/address_hit 1664372949 LB unisim PH unisim/VCOMPONENTS 1381692182 \
      CP MB_SRLC16E CP MUXCY CP SRL16_ARRAY_TYPE
FL $XILINX/hw/XilinxProcessorIPLib/pcores/microblaze_v8_50_c/hdl/vhdl/alu.vhd 2013/10/13.23:35:29 P.20131013
EN microblaze_v8_50_c/ALU 1664372905 \
      FL $XILINX/hw/XilinxProcessorIPLib/pcores/microblaze_v8_50_c/hdl/vhdl/alu.vhd \
      PB ieee/std_logic_1164 1381692176 PB ieee/NUMERIC_STD 1381692181 \
      LB Microblaze_v8_50_c LB unisim PH unisim/VCOMPONENTS 1381692182 \
      PH microblaze_v8_50_c/MicroBlaze_ISA 1664372831 \
      PB microblaze_v8_50_c/MicroBlaze_Types 1664372830
AR microblaze_v8_50_c/ALU/IMP 1664372906 \
      FL $XILINX/hw/XilinxProcessorIPLib/pcores/microblaze_v8_50_c/hdl/vhdl/alu.vhd \
      EN microblaze_v8_50_c/ALU 1664372905 CP std_logic CP std_logic_vector CP LUT3 \
      CP MULT_AND CP MUXCY_L CP ALU_Bit CP DATA_TYPE
FL $XILINX/hw/XilinxProcessorIPLib/pcores/microblaze_v8_50_c/hdl/vhdl/alu_bit.vhd 2013/10/13.23:35:28 P.20131013
EN microblaze_v8_50_c/ALU_Bit 1664372873 \
      FL $XILINX/hw/XilinxProcessorIPLib/pcores/microblaze_v8_50_c/hdl/vhdl/alu_bit.vhd \
      PB ieee/std_logic_1164 1381692176 LB Microblaze_v8_50_c LB unisim \
      PH unisim/VCOMPONENTS 1381692182 PB microblaze_v8_50_c/MicroBlaze_Types 1664372830
AR microblaze_v8_50_c/ALU_Bit/IMP 1664372874 \
      FL $XILINX/hw/XilinxProcessorIPLib/pcores/microblaze_v8_50_c/hdl/vhdl/alu_bit.vhd \
      EN microblaze_v8_50_c/ALU_Bit 1664372873 CP LUT4 CP MULT_AND CP MUXCY_L \
      CP XORCY CP std_logic CP LUT6_2 CP LUT6
FL $XILINX/hw/XilinxProcessorIPLib/pcores/microblaze_v8_50_c/hdl/vhdl/barrel_shifter.vhd 2013/10/13.23:35:29 P.20131013
EN microblaze_v8_50_c/barrel_shift 1664372963 \
      FL $XILINX/hw/XilinxProcessorIPLib/pcores/microblaze_v8_50_c/hdl/vhdl/barrel_shifter.vhd \
      PB ieee/std_logic_1164 1381692176 LB Microblaze_v8_50_c \
      PB microblaze_v8_50_c/MicroBlaze_Types 1664372830
AR microblaze_v8_50_c/barrel_shift/IMP 1664372964 \
      FL $XILINX/hw/XilinxProcessorIPLib/pcores/microblaze_v8_50_c/hdl/vhdl/barrel_shifter.vhd \
      EN microblaze_v8_50_c/barrel_shift 1664372963 LB unisim \
      PH unisim/VCOMPONENTS 1381692182 CP std_logic_vector CP LUT4 CP MUXF5 \
      CP LUT6_2
FL $XILINX/hw/XilinxProcessorIPLib/pcores/microblaze_v8_50_c/hdl/vhdl/barrel_shifter_gti.vhd 2013/10/13.23:35:29 P.20131013
EN microblaze_v8_50_c/Barrel_Shifter_gti 1664372911 \
      FL $XILINX/hw/XilinxProcessorIPLib/pcores/microblaze_v8_50_c/hdl/vhdl/barrel_shifter_gti.vhd \
      PB ieee/std_logic_1164 1381692176 LB Microblaze_v8_50_c LB unisim \
      PH unisim/VCOMPONENTS 1381692182 PH microblaze_v8_50_c/MicroBlaze_ISA 1664372831 \
      PB microblaze_v8_50_c/MicroBlaze_Types 1664372830
AR microblaze_v8_50_c/Barrel_Shifter_gti/IMP 1664372912 \
      FL $XILINX/hw/XilinxProcessorIPLib/pcores/microblaze_v8_50_c/hdl/vhdl/barrel_shifter_gti.vhd \
      EN microblaze_v8_50_c/Barrel_Shifter_gti 1664372911 CP DATA_TYPE \
      CP std_logic CP std_logic_vector CP boolean
FL $XILINX/hw/XilinxProcessorIPLib/pcores/microblaze_v8_50_c/hdl/vhdl/byte_doublet_handle.vhd 2013/10/13.23:35:29 P.20131013
EN microblaze_v8_50_c/Byte_Doublet_Handle 1664372987 \
      FL $XILINX/hw/XilinxProcessorIPLib/pcores/microblaze_v8_50_c/hdl/vhdl/byte_doublet_handle.vhd \
      PB ieee/std_logic_1164 1381692176 LB Microblaze_v8_50_c \
      PH microblaze_v8_50_c/MicroBlaze_ISA 1664372831 \
      PB microblaze_v8_50_c/MicroBlaze_Types 1664372830
AR microblaze_v8_50_c/Byte_Doublet_Handle/IMP 1664372988 \
      FL $XILINX/hw/XilinxProcessorIPLib/pcores/microblaze_v8_50_c/hdl/vhdl/byte_doublet_handle.vhd \
      EN microblaze_v8_50_c/Byte_Doublet_Handle 1664372987 LB unisim \
      PH unisim/VCOMPONENTS 1381692182 CP std_logic CP LUT6_2 CP LUT4 CP LUT3 CP LUT2 \
      CP Data_Read_Steering CP mux4_8 CP std_logic_vector
FL $XILINX/hw/XilinxProcessorIPLib/pcores/microblaze_v8_50_c/hdl/vhdl/byte_doublet_handle_gti.vhd 2013/10/13.23:35:29 P.20131013
EN microblaze_v8_50_c/Byte_Doublet_Handle_gti 1664372917 \
      FL $XILINX/hw/XilinxProcessorIPLib/pcores/microblaze_v8_50_c/hdl/vhdl/byte_doublet_handle_gti.vhd \
      PB ieee/std_logic_1164 1381692176 LB Microblaze_v8_50_c \
      PH microblaze_v8_50_c/MicroBlaze_ISA 1664372831 \
      PB microblaze_v8_50_c/MicroBlaze_Types 1664372830
AR microblaze_v8_50_c/Byte_Doublet_Handle_gti/IMP 1664372918 \
      FL $XILINX/hw/XilinxProcessorIPLib/pcores/microblaze_v8_50_c/hdl/vhdl/byte_doublet_handle_gti.vhd \
      EN microblaze_v8_50_c/Byte_Doublet_Handle_gti 1664372917
FL $XILINX/hw/XilinxProcessorIPLib/pcores/microblaze_v8_50_c/hdl/vhdl/cachehit_detect.vhd 2013/10/13.23:35:29 P.20131013
EN microblaze_v8_50_c/cachehit_detect 1664372939 \
      FL $XILINX/hw/XilinxProcessorIPLib/pcores/microblaze_v8_50_c/hdl/vhdl/cachehit_detect.vhd \
      PB ieee/std_logic_1164 1381692176 PB ieee/NUMERIC_STD 1381692181 \
      LB Microblaze_v8_50_c LB unisim PH unisim/VCOMPONENTS 1381692182 \
      PB microblaze_v8_50_c/MicroBlaze_Types 1664372830
AR microblaze_v8_50_c/cachehit_detect/IMP 1664372940 \
      FL $XILINX/hw/XilinxProcessorIPLib/pcores/microblaze_v8_50_c/hdl/vhdl/cachehit_detect.vhd \
      EN microblaze_v8_50_c/cachehit_detect 1664372939 CP cache_valid_bit_detect \
      CP MUXCY_L CP comparator CP carry_and CP carry_or
FL $XILINX/hw/XilinxProcessorIPLib/pcores/microblaze_v8_50_c/hdl/vhdl/cache_interface.vhd 2013/10/13.23:35:29 P.20131013
EN microblaze_v8_50_c/Cache_Interface 1664372899 \
      FL $XILINX/hw/XilinxProcessorIPLib/pcores/microblaze_v8_50_c/hdl/vhdl/cache_interface.vhd \
      PB ieee/std_logic_1164 1381692176 PB ieee/NUMERIC_STD 1381692181 \
      LB Microblaze_v8_50_c LB unisim PH unisim/VCOMPONENTS 1381692182 \
      PB microblaze_v8_50_c/MicroBlaze_Types 1664372830 \
      PH microblaze_v8_50_c/MicroBlaze_ISA 1664372831
AR microblaze_v8_50_c/Cache_Interface/IMP 1664372900 \
      FL $XILINX/hw/XilinxProcessorIPLib/pcores/microblaze_v8_50_c/hdl/vhdl/cache_interface.vhd \
      EN microblaze_v8_50_c/Cache_Interface 1664372899 CP std_logic_vector \
      CP std_logic CP xcl_state_type CP lut_lookup_table_type CP DATA_INFO_TYPE \
      CP DATA_FIFO_MEM_Type CP signal CP REQUEST_ID_TYPE CP LOW_ADDR_TYPE \
      CP REQUEST_TYPE CP REQ_FIFO_MEM_Type CP natural CP integer CP DROP_ADDR_TYPE \
      CP ADDR_TYPE CP VALID_TYPE CP STROBE_TYPE CP DATA_TYPE CP R_TYPE CP AW_TYPE \
      CP AW_W_TYPE CP W_TYPE CP R_FIFO_MEM_Type CP mux_bus CP boolean \
      CP AW_FIFO_MEM_Type CP AW_W_FIFO_MEM_Type CP W_FIFO_MEM_Type CP LUT6 CP FDSE \
      CP FDRE
FL $XILINX/hw/XilinxProcessorIPLib/pcores/microblaze_v8_50_c/hdl/vhdl/cache_valid_bit_detect.vhd 2013/10/13.23:35:29 P.20131013
EN microblaze_v8_50_c/cache_valid_bit_detect 1664372881 \
      FL $XILINX/hw/XilinxProcessorIPLib/pcores/microblaze_v8_50_c/hdl/vhdl/cache_valid_bit_detect.vhd \
      PB ieee/std_logic_1164 1381692176 PB ieee/NUMERIC_STD 1381692181 \
      LB Microblaze_v8_50_c LB unisim PH unisim/VCOMPONENTS 1381692182 \
      PB microblaze_v8_50_c/MicroBlaze_Types 1664372830
AR microblaze_v8_50_c/cache_valid_bit_detect/IMP 1664372882 \
      FL $XILINX/hw/XilinxProcessorIPLib/pcores/microblaze_v8_50_c/hdl/vhdl/cache_valid_bit_detect.vhd \
      EN microblaze_v8_50_c/cache_valid_bit_detect 1664372881 CP std_logic_vector \
      CP carry_and CP std_logic
FL $XILINX/hw/XilinxProcessorIPLib/pcores/microblaze_v8_50_c/hdl/vhdl/carry_and.vhd 2013/10/13.23:35:29 P.20131013
EN microblaze_v8_50_c/carry_and 1664372832 \
      FL $XILINX/hw/XilinxProcessorIPLib/pcores/microblaze_v8_50_c/hdl/vhdl/carry_and.vhd \
      PB ieee/std_logic_1164 1381692176 LB Microblaze_v8_50_c LB unisim \
      PH unisim/VCOMPONENTS 1381692182 PB microblaze_v8_50_c/MicroBlaze_Types 1664372830
AR microblaze_v8_50_c/carry_and/IMP 1664372833 \
      FL $XILINX/hw/XilinxProcessorIPLib/pcores/microblaze_v8_50_c/hdl/vhdl/carry_and.vhd \
      EN microblaze_v8_50_c/carry_and 1664372832 CP MUXCY_L
FL $XILINX/hw/XilinxProcessorIPLib/pcores/microblaze_v8_50_c/hdl/vhdl/carry_compare.vhd 2013/10/13.23:35:29 P.20131013
EN microblaze_v8_50_c/carry_compare 1664372845 \
      FL $XILINX/hw/XilinxProcessorIPLib/pcores/microblaze_v8_50_c/hdl/vhdl/carry_compare.vhd \
      PB ieee/std_logic_1164 1381692176 LB Microblaze_v8_50_c \
      PB microblaze_v8_50_c/MicroBlaze_Types 1664372830
AR microblaze_v8_50_c/carry_compare/IMP 1664372846 \
      FL $XILINX/hw/XilinxProcessorIPLib/pcores/microblaze_v8_50_c/hdl/vhdl/carry_compare.vhd \
      EN microblaze_v8_50_c/carry_compare 1664372845 LB unisim \
      PH unisim/VCOMPONENTS 1381692182 CP carry_and
FL $XILINX/hw/XilinxProcessorIPLib/pcores/microblaze_v8_50_c/hdl/vhdl/carry_compare_const.vhd 2013/10/13.23:35:29 P.20131013
EN microblaze_v8_50_c/carry_compare_const 1664372855 \
      FL $XILINX/hw/XilinxProcessorIPLib/pcores/microblaze_v8_50_c/hdl/vhdl/carry_compare_const.vhd \
      PB ieee/std_logic_1164 1381692176 LB Microblaze_v8_50_c \
      PB microblaze_v8_50_c/MicroBlaze_Types 1664372830
AR microblaze_v8_50_c/carry_compare_const/IMP 1664372856 \
      FL $XILINX/hw/XilinxProcessorIPLib/pcores/microblaze_v8_50_c/hdl/vhdl/carry_compare_const.vhd \
      EN microblaze_v8_50_c/carry_compare_const 1664372855 LB unisim \
      PH unisim/VCOMPONENTS 1381692182 CP carry_and
FL $XILINX/hw/XilinxProcessorIPLib/pcores/microblaze_v8_50_c/hdl/vhdl/carry_compare_mask.vhd 2013/10/13.23:35:28 P.20131013
EN microblaze_v8_50_c/carry_compare_mask 1664372843 \
      FL $XILINX/hw/XilinxProcessorIPLib/pcores/microblaze_v8_50_c/hdl/vhdl/carry_compare_mask.vhd \
      PB ieee/std_logic_1164 1381692176 LB Microblaze_v8_50_c \
      PB microblaze_v8_50_c/MicroBlaze_Types 1664372830
AR microblaze_v8_50_c/carry_compare_mask/IMP 1664372844 \
      FL $XILINX/hw/XilinxProcessorIPLib/pcores/microblaze_v8_50_c/hdl/vhdl/carry_compare_mask.vhd \
      EN microblaze_v8_50_c/carry_compare_mask 1664372843 LB unisim \
      PH unisim/VCOMPONENTS 1381692182 CP carry_and
FL $XILINX/hw/XilinxProcessorIPLib/pcores/microblaze_v8_50_c/hdl/vhdl/carry_equal.vhd 2013/10/13.23:35:29 P.20131013
EN microblaze_v8_50_c/carry_equal 1664372871 \
      FL $XILINX/hw/XilinxProcessorIPLib/pcores/microblaze_v8_50_c/hdl/vhdl/carry_equal.vhd \
      PB ieee/std_logic_1164 1381692176 LB Microblaze_v8_50_c \
      PB microblaze_v8_50_c/MicroBlaze_Types 1664372830
AR microblaze_v8_50_c/carry_equal/IMP 1664372872 \
      FL $XILINX/hw/XilinxProcessorIPLib/pcores/microblaze_v8_50_c/hdl/vhdl/carry_equal.vhd \
      EN microblaze_v8_50_c/carry_equal 1664372871 LB unisim PH unisim/VCOMPONENTS 1381692182 \
      CP MUXCY_L
FL $XILINX/hw/XilinxProcessorIPLib/pcores/microblaze_v8_50_c/hdl/vhdl/carry_or.vhd 2013/10/13.23:35:29 P.20131013
EN microblaze_v8_50_c/carry_or 1664372879 \
      FL $XILINX/hw/XilinxProcessorIPLib/pcores/microblaze_v8_50_c/hdl/vhdl/carry_or.vhd \
      PB ieee/std_logic_1164 1381692176 LB Microblaze_v8_50_c LB unisim \
      PH unisim/VCOMPONENTS 1381692182 PB microblaze_v8_50_c/MicroBlaze_Types 1664372830
AR microblaze_v8_50_c/carry_or/IMP 1664372880 \
      FL $XILINX/hw/XilinxProcessorIPLib/pcores/microblaze_v8_50_c/hdl/vhdl/carry_or.vhd \
      EN microblaze_v8_50_c/carry_or 1664372879 CP std_logic CP MUXCY_L
FL $XILINX/hw/XilinxProcessorIPLib/pcores/microblaze_v8_50_c/hdl/vhdl/comparator.vhd 2013/10/13.23:35:28 P.20131013
EN microblaze_v8_50_c/comparator 1664372877 \
      FL $XILINX/hw/XilinxProcessorIPLib/pcores/microblaze_v8_50_c/hdl/vhdl/comparator.vhd \
      PB ieee/std_logic_1164 1381692176 LB Microblaze_v8_50_c LB unisim \
      PH unisim/VCOMPONENTS 1381692182 PB microblaze_v8_50_c/MicroBlaze_Types 1664372830
AR microblaze_v8_50_c/comparator/IMP 1664372878 \
      FL $XILINX/hw/XilinxProcessorIPLib/pcores/microblaze_v8_50_c/hdl/vhdl/comparator.vhd \
      EN microblaze_v8_50_c/comparator 1664372877 CP natural CP std_logic_vector \
      CP MUXCY_L
FL $XILINX/hw/XilinxProcessorIPLib/pcores/microblaze_v8_50_c/hdl/vhdl/count_leading_zero.vhd 2013/10/13.23:35:29 P.20131013
EN microblaze_v8_50_c/count_leading_zeros 1664372869 \
      FL $XILINX/hw/XilinxProcessorIPLib/pcores/microblaze_v8_50_c/hdl/vhdl/count_leading_zero.vhd \
      PB ieee/std_logic_1164 1381692176 PB ieee/NUMERIC_STD 1381692181 \
      LB Microblaze_v8_50_c PH microblaze_v8_50_c/MicroBlaze_ISA 1664372831 \
      PB microblaze_v8_50_c/MicroBlaze_Types 1664372830
AR microblaze_v8_50_c/count_leading_zeros/IMP 1664372870 \
      FL $XILINX/hw/XilinxProcessorIPLib/pcores/microblaze_v8_50_c/hdl/vhdl/count_leading_zero.vhd \
      EN microblaze_v8_50_c/count_leading_zeros 1664372869
FL $XILINX/hw/XilinxProcessorIPLib/pcores/microblaze_v8_50_c/hdl/vhdl/data_flow.vhd 2013/10/13.23:35:29 P.20131013
EN microblaze_v8_50_c/Data_Flow 1664372985 \
      FL $XILINX/hw/XilinxProcessorIPLib/pcores/microblaze_v8_50_c/hdl/vhdl/data_flow.vhd \
      PB ieee/std_logic_1164 1381692176 PB ieee/NUMERIC_STD 1381692181 \
      LB Microblaze_v8_50_c PH microblaze_v8_50_c/MicroBlaze_ISA 1664372831 \
      PB microblaze_v8_50_c/MicroBlaze_Types 1664372830
AR microblaze_v8_50_c/Data_Flow/IMP 1664372986 \
      FL $XILINX/hw/XilinxProcessorIPLib/pcores/microblaze_v8_50_c/hdl/vhdl/data_flow.vhd \
      EN microblaze_v8_50_c/Data_Flow 1664372985 CP Register_File \
      CP Operand_Select CP ALU CP Shift_Logic_Module CP barrel_shift CP Div_unit \
      CP std_logic CP FPU CP MUL_Unit CP Result_Mux CP Zero_Detect CP MSR_Reg \
      CP PC_Module CP PVR CP stack_protection
FL $XILINX/hw/XilinxProcessorIPLib/pcores/microblaze_v8_50_c/hdl/vhdl/data_flow_gti.vhd 2013/10/13.23:35:29 P.20131013
EN microblaze_v8_50_c/Data_Flow_gti 1664373011 \
      FL $XILINX/hw/XilinxProcessorIPLib/pcores/microblaze_v8_50_c/hdl/vhdl/data_flow_gti.vhd \
      PB ieee/std_logic_1164 1381692176 PB ieee/NUMERIC_STD 1381692181 \
      LB Microblaze_v8_50_c LB unisim PH unisim/VCOMPONENTS 1381692182 \
      PH microblaze_v8_50_c/MicroBlaze_ISA 1664372831 \
      PB microblaze_v8_50_c/MicroBlaze_Types 1664372830
AR microblaze_v8_50_c/Data_Flow_gti/IMP 1664373012 \
      FL $XILINX/hw/XilinxProcessorIPLib/pcores/microblaze_v8_50_c/hdl/vhdl/data_flow_gti.vhd \
      EN microblaze_v8_50_c/Data_Flow_gti 1664373011 CP Register_File_gti \
      CP Operand_Select_gti CP ALU CP Shift_Logic_Module_gti CP MUL_Unit \
      CP Barrel_Shifter_gti CP WB_Mux CP Zero_Detect_gti CP Byte_Doublet_Handle_gti \
      CP Data_Flow_Logic CP msr_reg_gti CP std_logic CP LUT6_2 CP MUXCY_L \
      CP exception_registers_gti CP Div_unit_gti CP FPU CP PVR CP boolean \
      CP stack_protection
FL $XILINX/hw/XilinxProcessorIPLib/pcores/microblaze_v8_50_c/hdl/vhdl/data_flow_logic_gti.vhd 2013/10/13.23:35:29 P.20131013
EN microblaze_v8_50_c/Data_Flow_Logic 1664372919 \
      FL $XILINX/hw/XilinxProcessorIPLib/pcores/microblaze_v8_50_c/hdl/vhdl/data_flow_logic_gti.vhd \
      PB ieee/std_logic_1164 1381692176 LB Microblaze_v8_50_c LB unisim \
      PH unisim/VCOMPONENTS 1381692182 PH microblaze_v8_50_c/MicroBlaze_ISA 1664372831 \
      PB microblaze_v8_50_c/MicroBlaze_Types 1664372830
AR microblaze_v8_50_c/Data_Flow_Logic/IMP 1664372920 \
      FL $XILINX/hw/XilinxProcessorIPLib/pcores/microblaze_v8_50_c/hdl/vhdl/data_flow_logic_gti.vhd \
      EN microblaze_v8_50_c/Data_Flow_Logic 1664372919 CP std_logic CP FDRE
FL $XILINX/hw/XilinxProcessorIPLib/pcores/microblaze_v8_50_c/hdl/vhdl/data_read_steering.vhd 2013/10/13.23:35:29 P.20131013
EN microblaze_v8_50_c/Data_Read_Steering 1664372953 \
      FL $XILINX/hw/XilinxProcessorIPLib/pcores/microblaze_v8_50_c/hdl/vhdl/data_read_steering.vhd \
      PB ieee/std_logic_1164 1381692176 LB Microblaze_v8_50_c \
      PB microblaze_v8_50_c/MicroBlaze_Types 1664372830
AR microblaze_v8_50_c/Data_Read_Steering/IMP 1664372954 \
      FL $XILINX/hw/XilinxProcessorIPLib/pcores/microblaze_v8_50_c/hdl/vhdl/data_read_steering.vhd \
      EN microblaze_v8_50_c/Data_Read_Steering 1664372953 LB unisim \
      PH unisim/VCOMPONENTS 1381692182 CP std_logic_vector CP std_logic CP LUT3 \
      CP MUXF5 CP LUT6_2
FL $XILINX/hw/XilinxProcessorIPLib/pcores/microblaze_v8_50_c/hdl/vhdl/daxi_interface.vhd 2013/10/13.23:35:29 P.20131013
EN microblaze_v8_50_c/DAXI_interface 1664372991 \
      FL $XILINX/hw/XilinxProcessorIPLib/pcores/microblaze_v8_50_c/hdl/vhdl/daxi_interface.vhd \
      PB ieee/std_logic_1164 1381692176 LB Microblaze_v8_50_c \
      PB microblaze_v8_50_c/MicroBlaze_Types 1664372830
AR microblaze_v8_50_c/DAXI_interface/IMP 1664372992 \
      FL $XILINX/hw/XilinxProcessorIPLib/pcores/microblaze_v8_50_c/hdl/vhdl/daxi_interface.vhd \
      EN microblaze_v8_50_c/DAXI_interface 1664372991
FL $XILINX/hw/XilinxProcessorIPLib/pcores/microblaze_v8_50_c/hdl/vhdl/dcache.vhd 2013/10/13.23:35:28 P.20131013
EN microblaze_v8_50_c/DCache 1664373003 \
      FL $XILINX/hw/XilinxProcessorIPLib/pcores/microblaze_v8_50_c/hdl/vhdl/dcache.vhd \
      PB ieee/std_logic_1164 1381692176 PB ieee/NUMERIC_STD 1381692181 \
      LB Microblaze_v8_50_c PB microblaze_v8_50_c/MicroBlaze_Types 1664372830
AR microblaze_v8_50_c/DCache/IMP 1664373004 \
      FL $XILINX/hw/XilinxProcessorIPLib/pcores/microblaze_v8_50_c/hdl/vhdl/dcache.vhd \
      EN microblaze_v8_50_c/DCache 1664373003 LB unisim PH unisim/VCOMPONENTS 1381692182 \
      CP std_logic CP rboolean CP comparator CP parity_request_states \
      CP std_logic_vector CP carry_and CP MUXCY_L CP carry_or CP Parity CP RAM_Module \
      CP DATA_TYPE CP string CP signal CP natural CP Cache_Interface
FL $XILINX/hw/XilinxProcessorIPLib/pcores/microblaze_v8_50_c/hdl/vhdl/dcache_gti.vhd 2013/10/13.23:35:29 P.20131013
EN microblaze_v8_50_c/DCache_gti 1664373015 \
      FL $XILINX/hw/XilinxProcessorIPLib/pcores/microblaze_v8_50_c/hdl/vhdl/dcache_gti.vhd \
      PB ieee/std_logic_1164 1381692176 PB ieee/NUMERIC_STD 1381692181 \
      LB Microblaze_v8_50_c LB unisim PH unisim/VCOMPONENTS 1381692182 \
      PB microblaze_v8_50_c/MicroBlaze_Types 1664372830 \
      PH microblaze_v8_50_c/MicroBlaze_ISA 1664372831
AR microblaze_v8_50_c/DCache_gti/IMP 1664373016 \
      FL $XILINX/hw/XilinxProcessorIPLib/pcores/microblaze_v8_50_c/hdl/vhdl/dcache_gti.vhd \
      EN microblaze_v8_50_c/DCache_gti 1664373015 CP std_logic CP rboolean \
      CP unsigned CP comparator CP std_logic_vector CP carry_and CP carry_or \
      CP AND2B1L CP LUT5 CP FDR CP Parity CP RAM_Module CP LUT4 CP natural \
      CP Cache_Interface CP boolean CP dvm_msg_state_type \
      CP write_exclusive_state_type
FL $XILINX/hw/XilinxProcessorIPLib/pcores/microblaze_v8_50_c/hdl/vhdl/dcache_wb.vhd 2013/10/13.23:35:29 P.20131013
EN microblaze_v8_50_c/DCache_wb 1664373001 \
      FL $XILINX/hw/XilinxProcessorIPLib/pcores/microblaze_v8_50_c/hdl/vhdl/dcache_wb.vhd \
      PB ieee/std_logic_1164 1381692176 PB ieee/NUMERIC_STD 1381692181 \
      LB Microblaze_v8_50_c LB unisim PH unisim/VCOMPONENTS 1381692182 \
      PB microblaze_v8_50_c/MicroBlaze_Types 1664372830
AR microblaze_v8_50_c/DCache_wb/IMP 1664373002 \
      FL $XILINX/hw/XilinxProcessorIPLib/pcores/microblaze_v8_50_c/hdl/vhdl/dcache_wb.vhd \
      EN microblaze_v8_50_c/DCache_wb 1664373001 CP std_logic \
      CP read_checker_states CP cachehit_detect CP LUT6 CP RAM_Module \
      CP std_logic_vector CP vec_mux CP Cache_Interface CP MUXCY_L CP DATA_TYPE \
      CP integer CP victim_state_type CP boolean CP victim_cache
FL $XILINX/hw/XilinxProcessorIPLib/pcores/microblaze_v8_50_c/hdl/vhdl/debug.vhd 2013/10/13.23:35:29 P.20131013
EN microblaze_v8_50_c/Debug 1664372997 \
      FL $XILINX/hw/XilinxProcessorIPLib/pcores/microblaze_v8_50_c/hdl/vhdl/debug.vhd \
      PB ieee/std_logic_1164 1381692176 PB ieee/NUMERIC_STD 1381692181 \
      LB Microblaze_v8_50_c PH microblaze_v8_50_c/MicroBlaze_ISA 1664372831 \
      PB microblaze_v8_50_c/MicroBlaze_Types 1664372830
AR microblaze_v8_50_c/Debug/IMP 1664372998 \
      FL $XILINX/hw/XilinxProcessorIPLib/pcores/microblaze_v8_50_c/hdl/vhdl/debug.vhd \
      EN microblaze_v8_50_c/Debug 1664372997 LB unisim PB ieee/NUMERIC_STD 1381692181 \
      CP std_logic_vector CP MB_SRL16E CP address_hit CP address_data_hit \
      CP std_logic CP FDRSE CP boolean
FL $XILINX/hw/XilinxProcessorIPLib/pcores/microblaze_v8_50_c/hdl/vhdl/decode.vhd 2013/10/13.23:35:29 P.20131013
EN microblaze_v8_50_c/Decode 1664372983 \
      FL $XILINX/hw/XilinxProcessorIPLib/pcores/microblaze_v8_50_c/hdl/vhdl/decode.vhd \
      PB ieee/std_logic_1164 1381692176 PB ieee/NUMERIC_STD 1381692181 \
      LB Microblaze_v8_50_c LB unisim PH unisim/VCOMPONENTS 1381692182 \
      PH microblaze_v8_50_c/MicroBlaze_ISA 1664372831 \
      PB microblaze_v8_50_c/MicroBlaze_Types 1664372830
AR microblaze_v8_50_c/Decode/IMP 1664372984 \
      FL $XILINX/hw/XilinxProcessorIPLib/pcores/microblaze_v8_50_c/hdl/vhdl/decode.vhd \
      EN microblaze_v8_50_c/Decode 1664372983 CP boolean CP std_logic \
      CP PreFetch_Buffer CP LUT4 CP std_logic_vector CP MUXCY_L CP LUT3 CP FDRE \
      CP MULT_AND CP FDRSE CP FDSE
FL $XILINX/hw/XilinxProcessorIPLib/pcores/microblaze_v8_50_c/hdl/vhdl/decode_gti.vhd 2013/10/13.23:35:29 P.20131013
EN microblaze_v8_50_c/Decode_gti 1664373009 \
      FL $XILINX/hw/XilinxProcessorIPLib/pcores/microblaze_v8_50_c/hdl/vhdl/decode_gti.vhd \
      PB ieee/std_logic_1164 1381692176 PB ieee/NUMERIC_STD 1381692181 \
      LB Microblaze_v8_50_c PH microblaze_v8_50_c/MicroBlaze_ISA 1664372831 \
      PB microblaze_v8_50_c/MicroBlaze_Types 1664372830
AR microblaze_v8_50_c/Decode_gti/IMP 1664373010 \
      FL $XILINX/hw/XilinxProcessorIPLib/pcores/microblaze_v8_50_c/hdl/vhdl/decode_gti.vhd \
      EN microblaze_v8_50_c/Decode_gti 1664373009 LB unisim PH unisim/VCOMPONENTS 1381692182 \
      CP PC_Module_gti CP PreFetch_Buffer_gti CP std_logic CP AND2B1L CP carry_or \
      CP carry_and CP LUT6 CP boolean CP rboolean CP jump_logic CP FDR CP FDRE \
      CP std_logic_vector
FL $XILINX/hw/XilinxProcessorIPLib/pcores/microblaze_v8_50_c/hdl/vhdl/div_unit.vhd 2013/10/13.23:35:29 P.20131013
EN microblaze_v8_50_c/Div_unit 1664372965 \
      FL $XILINX/hw/XilinxProcessorIPLib/pcores/microblaze_v8_50_c/hdl/vhdl/div_unit.vhd \
      PB ieee/std_logic_1164 1381692176 PB ieee/NUMERIC_STD 1381692181 \
      LB Microblaze_v8_50_c PB microblaze_v8_50_c/MicroBlaze_Types 1664372830
AR microblaze_v8_50_c/Div_unit/IMP 1664372966 \
      FL $XILINX/hw/XilinxProcessorIPLib/pcores/microblaze_v8_50_c/hdl/vhdl/div_unit.vhd \
      EN microblaze_v8_50_c/Div_unit 1664372965 LB unisim PH unisim/VCOMPONENTS 1381692182 \
      CP natural CP std_logic_vector CP std_logic CP MUXCY_L CP XORCY CP LUT4 \
      CP MB_SRL16E
FL $XILINX/hw/XilinxProcessorIPLib/pcores/microblaze_v8_50_c/hdl/vhdl/div_unit_gti.vhd 2013/10/13.23:35:29 P.20131013
EN microblaze_v8_50_c/Div_unit_gti 1664372925 \
      FL $XILINX/hw/XilinxProcessorIPLib/pcores/microblaze_v8_50_c/hdl/vhdl/div_unit_gti.vhd \
      PB ieee/std_logic_1164 1381692176 PB ieee/NUMERIC_STD 1381692181 \
      LB Microblaze_v8_50_c LB unisim PH unisim/VCOMPONENTS 1381692182 \
      PB microblaze_v8_50_c/MicroBlaze_Types 1664372830
AR microblaze_v8_50_c/Div_unit_gti/IMP 1664372926 \
      FL $XILINX/hw/XilinxProcessorIPLib/pcores/microblaze_v8_50_c/hdl/vhdl/div_unit_gti.vhd \
      EN microblaze_v8_50_c/Div_unit_gti 1664372925 CP std_logic_vector \
      CP std_logic CP MUXCY_L CP XORCY CP LUT4
FL $XILINX/hw/XilinxProcessorIPLib/pcores/microblaze_v8_50_c/hdl/vhdl/dplb_interface.vhd 2013/10/13.23:35:29 P.20131013
EN microblaze_v8_50_c/DPLB_Interface 1664372989 \
      FL $XILINX/hw/XilinxProcessorIPLib/pcores/microblaze_v8_50_c/hdl/vhdl/dplb_interface.vhd \
      PB ieee/std_logic_1164 1381692176 LB Microblaze_v8_50_c \
      PB microblaze_v8_50_c/MicroBlaze_Types 1664372830
AR microblaze_v8_50_c/DPLB_Interface/IMP 1664372990 \
      FL $XILINX/hw/XilinxProcessorIPLib/pcores/microblaze_v8_50_c/hdl/vhdl/dplb_interface.vhd \
      EN microblaze_v8_50_c/DPLB_Interface 1664372989
FL $XILINX/hw/XilinxProcessorIPLib/pcores/microblaze_v8_50_c/hdl/vhdl/dsp_module.vhd 2013/10/13.23:35:29 P.20131013
EN microblaze_v8_50_c/dsp_module 1664372834 \
      FL $XILINX/hw/XilinxProcessorIPLib/pcores/microblaze_v8_50_c/hdl/vhdl/dsp_module.vhd \
      PB ieee/std_logic_1164 1381692176 PB ieee/NUMERIC_STD 1381692181 \
      LB Microblaze_v8_50_c LB unisim PH unisim/VCOMPONENTS 1381692182 \
      PH microblaze_v8_50_c/MicroBlaze_ISA 1664372831 \
      PB microblaze_v8_50_c/MicroBlaze_Types 1664372830
AR microblaze_v8_50_c/dsp_module/IMP 1664372835 \
      FL $XILINX/hw/XilinxProcessorIPLib/pcores/microblaze_v8_50_c/hdl/vhdl/dsp_module.vhd \
      EN microblaze_v8_50_c/dsp_module 1664372834 CP DSP48 CP std_logic_vector \
      CP DSP48E CP DSP48E1 CP virtex_opmode CP s3adsp_opmode CP DSP48A
FL $XILINX/hw/XilinxProcessorIPLib/pcores/microblaze_v8_50_c/hdl/vhdl/exception_registers.vhd 2013/10/13.23:35:29 P.20131013
EN microblaze_v8_50_c/exception_registers 1664373005 \
      FL $XILINX/hw/XilinxProcessorIPLib/pcores/microblaze_v8_50_c/hdl/vhdl/exception_registers.vhd \
      PB ieee/std_logic_1164 1381692176 PB ieee/NUMERIC_STD 1381692181 \
      LB Microblaze_v8_50_c PH microblaze_v8_50_c/MicroBlaze_ISA 1664372831 \
      PB microblaze_v8_50_c/MicroBlaze_Types 1664372830
AR microblaze_v8_50_c/exception_registers/IMP 1664373006 \
      FL $XILINX/hw/XilinxProcessorIPLib/pcores/microblaze_v8_50_c/hdl/vhdl/exception_registers.vhd \
      EN microblaze_v8_50_c/exception_registers 1664373005
FL $XILINX/hw/XilinxProcessorIPLib/pcores/microblaze_v8_50_c/hdl/vhdl/exception_registers_gti.vhd 2013/10/13.23:35:29 P.20131013
EN microblaze_v8_50_c/exception_registers_gti 1664372923 \
      FL $XILINX/hw/XilinxProcessorIPLib/pcores/microblaze_v8_50_c/hdl/vhdl/exception_registers_gti.vhd \
      PB ieee/std_logic_1164 1381692176 PB ieee/NUMERIC_STD 1381692181 \
      LB Microblaze_v8_50_c PH microblaze_v8_50_c/MicroBlaze_ISA 1664372831 \
      PB microblaze_v8_50_c/MicroBlaze_Types 1664372830
AR microblaze_v8_50_c/exception_registers_gti/IMP 1664372924 \
      FL $XILINX/hw/XilinxProcessorIPLib/pcores/microblaze_v8_50_c/hdl/vhdl/exception_registers_gti.vhd \
      EN microblaze_v8_50_c/exception_registers_gti 1664372923 LB unisim \
      PH unisim/VCOMPONENTS 1381692182 CP std_logic CP std_logic_vector CP mux_bus \
      CP LUT3 CP MULT_AND CP MUXCY_L CP LUT4 CP XORCY CP LUT6_2 CP FDE
FL $XILINX/hw/XilinxProcessorIPLib/pcores/microblaze_v8_50_c/hdl/vhdl/find_first_bit.vhd 2013/10/13.23:35:29 P.20131013
EN microblaze_v8_50_c/find_first_bit 1664372836 \
      FL $XILINX/hw/XilinxProcessorIPLib/pcores/microblaze_v8_50_c/hdl/vhdl/find_first_bit.vhd \
      PB ieee/std_logic_1164 1381692176 LB Microblaze_v8_50_c \
      PH microblaze_v8_50_c/MicroBlaze_ISA 1664372831 \
      PB microblaze_v8_50_c/MicroBlaze_Types 1664372830
AR microblaze_v8_50_c/find_first_bit/IMP 1664372837 \
      FL $XILINX/hw/XilinxProcessorIPLib/pcores/microblaze_v8_50_c/hdl/vhdl/find_first_bit.vhd \
      EN microblaze_v8_50_c/find_first_bit 1664372836
FL $XILINX/hw/XilinxProcessorIPLib/pcores/microblaze_v8_50_c/hdl/vhdl/fpu.vhd 2013/10/13.23:35:29 P.20131013
EN microblaze_v8_50_c/Fpu 1664372927 \
      FL $XILINX/hw/XilinxProcessorIPLib/pcores/microblaze_v8_50_c/hdl/vhdl/fpu.vhd \
      PB ieee/std_logic_1164 1381692176 PB ieee/NUMERIC_STD 1381692181 \
      LB Microblaze_v8_50_c LB unisim PH unisim/VCOMPONENTS 1381692182 \
      PH microblaze_v8_50_c/MicroBlaze_ISA 1664372831 \
      PB microblaze_v8_50_c/MicroBlaze_Types 1664372830
AR microblaze_v8_50_c/Fpu/IMP 1664372928 \
      FL $XILINX/hw/XilinxProcessorIPLib/pcores/microblaze_v8_50_c/hdl/vhdl/fpu.vhd \
      EN microblaze_v8_50_c/Fpu 1664372927 CP TARGET_FAMILY_TYPE CP in CP out \
      CP string CP natural CP boolean CP DATA_TYPE CP FPU_OP_TYPE CP std_logic \
      CP FPU_EXP_TYPE CP FPU_MANT_TYPE CP Exp_Plus2_T CP FPU_COND_TYPE \
      CP FPU_MANT_I_TYPE CP Result_T CP signal CP FPU_EXP_LS_TYPE \
      CP FPU_MANT_IGRS_TYPE CP rboolean CP FSR_TYPE CP std_logic_vector CP FDR CP FD \
      CP carry_compare_const CP carry_compare CP FPU_ADDSUB CP LUT4 CP MULT_AND \
      CP MUXCY_L CP XORCY CP FPU_MUL CP FPU_DIV CP fpu_sqrt CP fpu_conv
FL $XILINX/hw/XilinxProcessorIPLib/pcores/microblaze_v8_50_c/hdl/vhdl/fpu_addsub.vhd 2013/10/13.23:35:29 P.20131013
EN microblaze_v8_50_c/FPU_ADDSUB 1664372857 \
      FL $XILINX/hw/XilinxProcessorIPLib/pcores/microblaze_v8_50_c/hdl/vhdl/fpu_addsub.vhd \
      PB ieee/std_logic_1164 1381692176 PB ieee/NUMERIC_STD 1381692181 \
      LB Microblaze_v8_50_c LB unisim PH unisim/VCOMPONENTS 1381692182 \
      PH microblaze_v8_50_c/MicroBlaze_ISA 1664372831 \
      PB microblaze_v8_50_c/MicroBlaze_Types 1664372830
AR microblaze_v8_50_c/FPU_ADDSUB/IMP 1664372858 \
      FL $XILINX/hw/XilinxProcessorIPLib/pcores/microblaze_v8_50_c/hdl/vhdl/fpu_addsub.vhd \
      EN microblaze_v8_50_c/FPU_ADDSUB 1664372857 CP find_first_bit
FL $XILINX/hw/XilinxProcessorIPLib/pcores/microblaze_v8_50_c/hdl/vhdl/fpu_conv.vhd 2013/10/13.23:35:29 P.20131013
EN microblaze_v8_50_c/fpu_conv 1664372865 \
      FL $XILINX/hw/XilinxProcessorIPLib/pcores/microblaze_v8_50_c/hdl/vhdl/fpu_conv.vhd \
      PB ieee/std_logic_1164 1381692176 PB ieee/NUMERIC_STD 1381692181 \
      LB Microblaze_v8_50_c PH microblaze_v8_50_c/MicroBlaze_ISA 1664372831 \
      PB microblaze_v8_50_c/MicroBlaze_Types 1664372830
AR microblaze_v8_50_c/fpu_conv/IMP 1664372866 \
      FL $XILINX/hw/XilinxProcessorIPLib/pcores/microblaze_v8_50_c/hdl/vhdl/fpu_conv.vhd \
      EN microblaze_v8_50_c/fpu_conv 1664372865 LB unisim PH unisim/VCOMPONENTS 1381692182 \
      CP MUXCY_L CP XORCY
FL $XILINX/hw/XilinxProcessorIPLib/pcores/microblaze_v8_50_c/hdl/vhdl/fpu_div.vhd 2013/10/13.23:35:29 P.20131013
EN microblaze_v8_50_c/FPU_DIV 1664372861 \
      FL $XILINX/hw/XilinxProcessorIPLib/pcores/microblaze_v8_50_c/hdl/vhdl/fpu_div.vhd \
      PB ieee/std_logic_1164 1381692176 PB ieee/NUMERIC_STD 1381692181 \
      LB Microblaze_v8_50_c LB unisim PH unisim/VCOMPONENTS 1381692182 \
      PH microblaze_v8_50_c/MicroBlaze_ISA 1664372831 \
      PB microblaze_v8_50_c/MicroBlaze_Types 1664372830
AR microblaze_v8_50_c/FPU_DIV/IMP 1664372862 \
      FL $XILINX/hw/XilinxProcessorIPLib/pcores/microblaze_v8_50_c/hdl/vhdl/fpu_div.vhd \
      EN microblaze_v8_50_c/FPU_DIV 1664372861
FL $XILINX/hw/XilinxProcessorIPLib/pcores/microblaze_v8_50_c/hdl/vhdl/fpu_mul.vhd 2013/10/13.23:35:29 P.20131013
EN microblaze_v8_50_c/FPU_MUL 1664372859 \
      FL $XILINX/hw/XilinxProcessorIPLib/pcores/microblaze_v8_50_c/hdl/vhdl/fpu_mul.vhd \
      PB ieee/std_logic_1164 1381692176 PB ieee/NUMERIC_STD 1381692181 \
      LB Microblaze_v8_50_c PH microblaze_v8_50_c/MicroBlaze_ISA 1664372831 \
      PB microblaze_v8_50_c/MicroBlaze_Types 1664372830
AR microblaze_v8_50_c/FPU_MUL/IMP 1664372860 \
      FL $XILINX/hw/XilinxProcessorIPLib/pcores/microblaze_v8_50_c/hdl/vhdl/fpu_mul.vhd \
      EN microblaze_v8_50_c/FPU_MUL 1664372859 LB unisim PH unisim/VCOMPONENTS 1381692182 \
      CP std_logic_vector CP std_logic CP dsp_module CP MUL_OP_TYPE CP MUL_RES_TYPE \
      CP MULT18x18S
FL $XILINX/hw/XilinxProcessorIPLib/pcores/microblaze_v8_50_c/hdl/vhdl/fpu_sqrt.vhd 2013/10/13.23:35:29 P.20131013
EN microblaze_v8_50_c/fpu_sqrt 1664372863 \
      FL $XILINX/hw/XilinxProcessorIPLib/pcores/microblaze_v8_50_c/hdl/vhdl/fpu_sqrt.vhd \
      LB Microblaze_v8_50_c LB unisim PH unisim/VCOMPONENTS 1381692182 \
      PB ieee/std_logic_1164 1381692176 PH microblaze_v8_50_c/MicroBlaze_ISA 1664372831 \
      PB microblaze_v8_50_c/MicroBlaze_Types 1664372830
AR microblaze_v8_50_c/fpu_sqrt/IMP 1664372864 \
      FL $XILINX/hw/XilinxProcessorIPLib/pcores/microblaze_v8_50_c/hdl/vhdl/fpu_sqrt.vhd \
      EN microblaze_v8_50_c/fpu_sqrt 1664372863 LB unisim PH unisim/VCOMPONENTS 1381692182 \
      CP MUXCY_L CP XORCY
FL $XILINX/hw/XilinxProcessorIPLib/pcores/microblaze_v8_50_c/hdl/vhdl/fsl_module.vhd 2013/10/13.23:35:29 P.20131013
EN microblaze_v8_50_c/FSL_Module 1664372977 \
      FL $XILINX/hw/XilinxProcessorIPLib/pcores/microblaze_v8_50_c/hdl/vhdl/fsl_module.vhd \
      PB ieee/std_logic_1164 1381692176 PB ieee/NUMERIC_STD 1381692181 \
      LB Microblaze_v8_50_c LB unisim PH unisim/VCOMPONENTS 1381692182 \
      PB microblaze_v8_50_c/MicroBlaze_Types 1664372830
AR microblaze_v8_50_c/FSL_Module/IMP 1664372978 \
      FL $XILINX/hw/XilinxProcessorIPLib/pcores/microblaze_v8_50_c/hdl/vhdl/fsl_module.vhd \
      EN microblaze_v8_50_c/FSL_Module 1664372977 CP std_logic CP FDRE CP boolean
FL $XILINX/hw/XilinxProcessorIPLib/pcores/microblaze_v8_50_c/hdl/vhdl/gen_srlfifo.vhd 2013/10/13.23:35:29 P.20131013
EN microblaze_v8_50_c/srl_fifo 1664373023 \
      FL $XILINX/hw/XilinxProcessorIPLib/pcores/microblaze_v8_50_c/hdl/vhdl/gen_srlfifo.vhd \
      PB ieee/std_logic_1164 1381692176 PB ieee/NUMERIC_STD 1381692181
AR microblaze_v8_50_c/srl_fifo/IMP 1664373024 \
      FL $XILINX/hw/XilinxProcessorIPLib/pcores/microblaze_v8_50_c/hdl/vhdl/gen_srlfifo.vhd \
      EN microblaze_v8_50_c/srl_fifo 1664373023 LB unisim PH unisim/VCOMPONENTS 1381692182 \
      CP FDRE CP MUXCY_L CP XORCY CP SRL16E
FL $XILINX/hw/XilinxProcessorIPLib/pcores/microblaze_v8_50_c/hdl/vhdl/iaxi_interface.vhd 2013/10/13.23:35:29 P.20131013
EN microblaze_v8_50_c/IAXI_Interface 1664372995 \
      FL $XILINX/hw/XilinxProcessorIPLib/pcores/microblaze_v8_50_c/hdl/vhdl/iaxi_interface.vhd \
      PB ieee/std_logic_1164 1381692176 PB ieee/NUMERIC_STD 1381692181 \
      LB Microblaze_v8_50_c PB microblaze_v8_50_c/MicroBlaze_Types 1664372830
AR microblaze_v8_50_c/IAXI_Interface/IMP 1664372996 \
      FL $XILINX/hw/XilinxProcessorIPLib/pcores/microblaze_v8_50_c/hdl/vhdl/iaxi_interface.vhd \
      EN microblaze_v8_50_c/IAXI_Interface 1664372995
FL $XILINX/hw/XilinxProcessorIPLib/pcores/microblaze_v8_50_c/hdl/vhdl/icache.vhd 2013/10/13.23:35:29 P.20131013
EN microblaze_v8_50_c/Icache 1664372999 \
      FL $XILINX/hw/XilinxProcessorIPLib/pcores/microblaze_v8_50_c/hdl/vhdl/icache.vhd \
      PB ieee/std_logic_1164 1381692176 PB ieee/NUMERIC_STD 1381692181 \
      LB Microblaze_v8_50_c LB unisim PH unisim/VCOMPONENTS 1381692182 \
      PB microblaze_v8_50_c/MicroBlaze_Types 1664372830 \
      PH microblaze_v8_50_c/MicroBlaze_ISA 1664372831
AR microblaze_v8_50_c/Icache/IMP 1664373000 \
      FL $XILINX/hw/XilinxProcessorIPLib/pcores/microblaze_v8_50_c/hdl/vhdl/icache.vhd \
      EN microblaze_v8_50_c/Icache 1664372999 CP std_logic_vector CP std_logic \
      CP rboolean CP vec_mux CP comparator CP parity_request_states CP carry_and \
      CP cache_valid_bit_detect CP carry_or CP Parity CP DATA_WORD_TYPE \
      CP RAM_Module CP Cache_Interface CP boolean CP stream_cache \
      CP victim_state_type CP victim_cache
FL $XILINX/hw/XilinxProcessorIPLib/pcores/microblaze_v8_50_c/hdl/vhdl/instr_mux.vhd 2013/10/13.23:35:29 P.20131013
EN microblaze_v8_50_c/instr_mux 1664373007 \
      FL $XILINX/hw/XilinxProcessorIPLib/pcores/microblaze_v8_50_c/hdl/vhdl/instr_mux.vhd \
      PB ieee/std_logic_1164 1381692176 LB Microblaze_v8_50_c \
      PB microblaze_v8_50_c/MicroBlaze_Types 1664372830
AR microblaze_v8_50_c/instr_mux/IMP 1664373008 \
      FL $XILINX/hw/XilinxProcessorIPLib/pcores/microblaze_v8_50_c/hdl/vhdl/instr_mux.vhd \
      EN microblaze_v8_50_c/instr_mux 1664373007 LB unisim PH unisim/VCOMPONENTS 1381692182 \
      CP MUXF5 CP mux_bus CP DATA_TYPE CP std_logic_vector CP LUT6
FL $XILINX/hw/XilinxProcessorIPLib/pcores/microblaze_v8_50_c/hdl/vhdl/interrupt_mode_converter.vhd 2013/10/13.23:35:29 P.20131013
EN microblaze_v8_50_c/interrupt_mode_converter 1664372981 \
      FL $XILINX/hw/XilinxProcessorIPLib/pcores/microblaze_v8_50_c/hdl/vhdl/interrupt_mode_converter.vhd \
      PB ieee/std_logic_1164 1381692176 LB Microblaze_v8_50_c \
      PH microblaze_v8_50_c/MicroBlaze_ISA 1664372831 \
      PB microblaze_v8_50_c/MicroBlaze_Types 1664372830
AR microblaze_v8_50_c/interrupt_mode_converter/IMP 1664372982 \
      FL $XILINX/hw/XilinxProcessorIPLib/pcores/microblaze_v8_50_c/hdl/vhdl/interrupt_mode_converter.vhd \
      EN microblaze_v8_50_c/interrupt_mode_converter 1664372981
FL $XILINX/hw/XilinxProcessorIPLib/pcores/microblaze_v8_50_c/hdl/vhdl/iplb_interface.vhd 2013/10/13.23:35:29 P.20131013
EN microblaze_v8_50_c/IPLB_Interface 1664372993 \
      FL $XILINX/hw/XilinxProcessorIPLib/pcores/microblaze_v8_50_c/hdl/vhdl/iplb_interface.vhd \
      PB ieee/std_logic_1164 1381692176 PB ieee/NUMERIC_STD 1381692181 \
      LB Microblaze_v8_50_c PB microblaze_v8_50_c/MicroBlaze_Types 1664372830
AR microblaze_v8_50_c/IPLB_Interface/IMP 1664372994 \
      FL $XILINX/hw/XilinxProcessorIPLib/pcores/microblaze_v8_50_c/hdl/vhdl/iplb_interface.vhd \
      EN microblaze_v8_50_c/IPLB_Interface 1664372993
FL $XILINX/hw/XilinxProcessorIPLib/pcores/microblaze_v8_50_c/hdl/vhdl/jump_logic_gti.vhd 2013/10/13.23:35:29 P.20131013
EN microblaze_v8_50_c/jump_logic 1664372937 \
      FL $XILINX/hw/XilinxProcessorIPLib/pcores/microblaze_v8_50_c/hdl/vhdl/jump_logic_gti.vhd \
      PB ieee/std_logic_1164 1381692176 LB Microblaze_v8_50_c LB unisim \
      PH unisim/VCOMPONENTS 1381692182 PH microblaze_v8_50_c/MicroBlaze_ISA 1664372831 \
      PB microblaze_v8_50_c/MicroBlaze_Types 1664372830
AR microblaze_v8_50_c/jump_logic/IMP 1664372938 \
      FL $XILINX/hw/XilinxProcessorIPLib/pcores/microblaze_v8_50_c/hdl/vhdl/jump_logic_gti.vhd \
      EN microblaze_v8_50_c/jump_logic 1664372937 CP std_logic CP MUXCY_L
FL $XILINX/hw/XilinxProcessorIPLib/pcores/microblaze_v8_50_c/hdl/vhdl/microblaze.vhd 2013/10/13.23:35:29 P.20131013
EN microblaze_v8_50_c/MicroBlaze 1664373025 \
      FL $XILINX/hw/XilinxProcessorIPLib/pcores/microblaze_v8_50_c/hdl/vhdl/microblaze.vhd \
      PB ieee/std_logic_1164 1381692176 LB Microblaze_v8_50_c \
      PH microblaze_v8_50_c/MicroBlaze_ISA 1664372831 \
      PB microblaze_v8_50_c/MicroBlaze_Types 1664372830
AR microblaze_v8_50_c/MicroBlaze/IMP 1664373026 \
      FL $XILINX/hw/XilinxProcessorIPLib/pcores/microblaze_v8_50_c/hdl/vhdl/microblaze.vhd \
      EN microblaze_v8_50_c/MicroBlaze 1664373025 LB unisim PH unisim/VCOMPONENTS 1381692182 \
      CP MicroBlaze_Core
FL $XILINX/hw/XilinxProcessorIPLib/pcores/microblaze_v8_50_c/hdl/vhdl/microblaze_core.vhd 2013/10/13.23:35:28 P.20131013
EN microblaze_v8_50_c/MicroBlaze_Core 1664373019 \
      FL $XILINX/hw/XilinxProcessorIPLib/pcores/microblaze_v8_50_c/hdl/vhdl/microblaze_core.vhd \
      PB ieee/std_logic_1164 1381692176 LB Microblaze_v8_50_c \
      PH microblaze_v8_50_c/MicroBlaze_ISA 1664372831 \
      PB microblaze_v8_50_c/MicroBlaze_Types 1664372830
AR microblaze_v8_50_c/MicroBlaze_Core/IMP 1664373020 \
      FL $XILINX/hw/XilinxProcessorIPLib/pcores/microblaze_v8_50_c/hdl/vhdl/microblaze_core.vhd \
      EN microblaze_v8_50_c/MicroBlaze_Core 1664373019 LB unisim \
      PH unisim/VCOMPONENTS 1381692182 CP FSL_Module CP Streaming_AXI CP boolean \
      CP std_logic CP std_logic_vector CP MSR_REG_TYPE CP rboolean \
      CP EXCEPTION_KIND_TYPE CP BTR_TYPE CP ESR_TYPE CP signal \
      CP interrupt_mode_converter CP Decode CP Data_Flow CP Byte_Doublet_Handle \
      CP DPLB_Interface CP DAXI_interface CP IPLB_Interface CP IAXI_Interface \
      CP MSR_TYPE CP Debug CP ICache CP carry_or CP DCache_wb CP DCache \
      CP exception_registers CP instr_mux CP DATA_TYPE CP DATA_BE_TYPE CP slv_0to1 \
      CP GPR_ADDR_TYPE CP IMM16_TYPE CP ALU_OP_TYPE CP SEXT_OP_TYPE CP SHIFT_OP_TYPE \
      CP LOGIC_OP_TYPE CP FPU_OP_TYPE CP FPU_COND_TYPE CP Decode_gti \
      CP Data_Flow_gti CP read_data_mux CP AND2B1L CP DCache_gti CP carry_and CP MMU
FL $XILINX/hw/XilinxProcessorIPLib/pcores/microblaze_v8_50_c/hdl/vhdl/microblaze_isa_be_pkg.vhd 2013/10/13.23:35:29 P.20131013
PH microblaze_v8_50_c/MicroBlaze_ISA 1664372831 \
      FL $XILINX/hw/XilinxProcessorIPLib/pcores/microblaze_v8_50_c/hdl/vhdl/microblaze_isa_be_pkg.vhd \
      PB ieee/std_logic_1164 1381692176 LB Microblaze_v8_50_c \
      PB microblaze_v8_50_c/MicroBlaze_Types 1664372830
FL $XILINX/hw/XilinxProcessorIPLib/pcores/microblaze_v8_50_c/hdl/vhdl/microblaze_primitives.vhd 2013/10/13.23:35:29 P.20131013
EN microblaze_v8_50_c/MB_SRL16E 1664372838 \
      FL $XILINX/hw/XilinxProcessorIPLib/pcores/microblaze_v8_50_c/hdl/vhdl/microblaze_primitives.vhd \
      PB ieee/std_logic_1164 1381692176
AR microblaze_v8_50_c/MB_SRL16E/IMP 1664372839 \
      FL $XILINX/hw/XilinxProcessorIPLib/pcores/microblaze_v8_50_c/hdl/vhdl/microblaze_primitives.vhd \
      EN microblaze_v8_50_c/MB_SRL16E 1664372838 LB unisim PH unisim/VCOMPONENTS 1381692182 \
      PB ieee/NUMERIC_STD 1381692181 CP SRL16E CP std_logic_vector CP string \
      CP signal
EN microblaze_v8_50_c/MB_SRLC16E 1664372840 \
      FL $XILINX/hw/XilinxProcessorIPLib/pcores/microblaze_v8_50_c/hdl/vhdl/microblaze_primitives.vhd \
      PB ieee/std_logic_1164 1381692176
AR microblaze_v8_50_c/MB_SRLC16E/IMP 1664372841 \
      FL $XILINX/hw/XilinxProcessorIPLib/pcores/microblaze_v8_50_c/hdl/vhdl/microblaze_primitives.vhd \
      EN microblaze_v8_50_c/MB_SRLC16E 1664372840 LB unisim PH unisim/VCOMPONENTS 1381692182 \
      PB ieee/NUMERIC_STD 1381692181 CP SRLC16E CP std_logic_vector CP string \
      CP signal
FL $XILINX/hw/XilinxProcessorIPLib/pcores/microblaze_v8_50_c/hdl/vhdl/microblaze_types_pkg.vhd 2013/10/13.23:35:29 P.20131013
PH microblaze_v8_50_c/MicroBlaze_Types 1664372829 \
      FL $XILINX/hw/XilinxProcessorIPLib/pcores/microblaze_v8_50_c/hdl/vhdl/microblaze_types_pkg.vhd \
      PB ieee/std_logic_1164 1381692176
FL $XILINX/hw/XilinxProcessorIPLib/pcores/microblaze_v8_50_c/hdl/vhdl/microblaze_types_pkg_body.vhd 2013/10/13.23:35:29 P.20131013
PB microblaze_v8_50_c/MicroBlaze_Types 1664372830 \
      FL $XILINX/hw/XilinxProcessorIPLib/pcores/microblaze_v8_50_c/hdl/vhdl/microblaze_types_pkg_body.vhd \
      PH microblaze_v8_50_c/MicroBlaze_Types 1664372829 PB ieee/std_logic_1164 1381692176 \
      PB ieee/NUMERIC_STD 1381692181
FL $XILINX/hw/XilinxProcessorIPLib/pcores/microblaze_v8_50_c/hdl/vhdl/mmu.vhd 2013/10/13.23:35:29 P.20131013
EN microblaze_v8_50_c/MMU 1664373017 \
      FL $XILINX/hw/XilinxProcessorIPLib/pcores/microblaze_v8_50_c/hdl/vhdl/mmu.vhd \
      PB ieee/std_logic_1164 1381692176 LB unisim PH unisim/VCOMPONENTS 1381692182 \
      LB Microblaze_v8_50_c PH microblaze_v8_50_c/MicroBlaze_ISA 1664372831 \
      PB microblaze_v8_50_c/MicroBlaze_Types 1664372830 \
      PH microblaze_v8_50_c/MMU_Types 1664372842
AR microblaze_v8_50_c/MMU/IMP 1664373018 \
      FL $XILINX/hw/XilinxProcessorIPLib/pcores/microblaze_v8_50_c/hdl/vhdl/mmu.vhd \
      EN microblaze_v8_50_c/MMU 1664373017 PB ieee/NUMERIC_STD 1381692181 \
      CP std_logic CP MMU_UTLB CP MMU_TLB CP std_logic_vector CP Zone_Vector_Type \
      CP SIZE_Type CP Size_Addr_Type CP Tag_Type CP boolean
FL $XILINX/hw/XilinxProcessorIPLib/pcores/microblaze_v8_50_c/hdl/vhdl/mmu_tlb.vhd 2013/10/13.23:35:29 P.20131013
EN microblaze_v8_50_c/MMU_TLB 1664372897 \
      FL $XILINX/hw/XilinxProcessorIPLib/pcores/microblaze_v8_50_c/hdl/vhdl/mmu_tlb.vhd \
      PB ieee/std_logic_1164 1381692176 LB unisim PH unisim/VCOMPONENTS 1381692182 \
      LB Microblaze_v8_50_c PB microblaze_v8_50_c/MicroBlaze_Types 1664372830 \
      PH microblaze_v8_50_c/MMU_Types 1664372842
AR microblaze_v8_50_c/MMU_TLB/IMP 1664372898 \
      FL $XILINX/hw/XilinxProcessorIPLib/pcores/microblaze_v8_50_c/hdl/vhdl/mmu_tlb.vhd \
      EN microblaze_v8_50_c/MMU_TLB 1664372897 PB ieee/NUMERIC_STD 1381692181 \
      CP TAG_TID_Type CP SIZE_Type CP std_logic CP TLBHI_Entry_Type CP MUXCY_L \
      CP std_logic_vector CP carry_compare_mask CP carry_compare CP TLBLO_Type \
      CP string CP signal CP TLBLO_Entry_Type CP MUXF7
FL $XILINX/hw/XilinxProcessorIPLib/pcores/microblaze_v8_50_c/hdl/vhdl/mmu_types_pkg.vhd 2013/10/13.23:35:29 P.20131013
PH microblaze_v8_50_c/MMU_Types 1664372842 \
      FL $XILINX/hw/XilinxProcessorIPLib/pcores/microblaze_v8_50_c/hdl/vhdl/mmu_types_pkg.vhd \
      PB ieee/std_logic_1164 1381692176
FL $XILINX/hw/XilinxProcessorIPLib/pcores/microblaze_v8_50_c/hdl/vhdl/mmu_utlb.vhd 2013/10/13.23:35:29 P.20131013
EN microblaze_v8_50_c/MMU_UTLB 1664372895 \
      FL $XILINX/hw/XilinxProcessorIPLib/pcores/microblaze_v8_50_c/hdl/vhdl/mmu_utlb.vhd \
      PB ieee/std_logic_1164 1381692176 LB unisim PH unisim/VCOMPONENTS 1381692182 \
      LB Microblaze_v8_50_c PB microblaze_v8_50_c/MicroBlaze_Types 1664372830 \
      PH microblaze_v8_50_c/MMU_Types 1664372842
AR microblaze_v8_50_c/MMU_UTLB/IMP 1664372896 \
      FL $XILINX/hw/XilinxProcessorIPLib/pcores/microblaze_v8_50_c/hdl/vhdl/mmu_utlb.vhd \
      EN microblaze_v8_50_c/MMU_UTLB 1664372895 PB ieee/NUMERIC_STD 1381692181 \
      CP MMU_UTLB_RAM CP carry_compare CP carry_compare_mask CP carry_and CP integer \
      CP std_logic CP std_logic_vector CP Parity
FL $XILINX/hw/XilinxProcessorIPLib/pcores/microblaze_v8_50_c/hdl/vhdl/mmu_utlb_ram.vhd 2013/10/13.23:35:29 P.20131013
EN microblaze_v8_50_c/MMU_UTLB_RAM 1664372847 \
      FL $XILINX/hw/XilinxProcessorIPLib/pcores/microblaze_v8_50_c/hdl/vhdl/mmu_utlb_ram.vhd \
      PB ieee/std_logic_1164 1381692176
AR microblaze_v8_50_c/MMU_UTLB_RAM/IMP 1664372848 \
      FL $XILINX/hw/XilinxProcessorIPLib/pcores/microblaze_v8_50_c/hdl/vhdl/mmu_utlb_ram.vhd \
      EN microblaze_v8_50_c/MMU_UTLB_RAM 1664372847 PB ieee/NUMERIC_STD 1381692181
FL $XILINX/hw/XilinxProcessorIPLib/pcores/microblaze_v8_50_c/hdl/vhdl/msr_reg.vhd 2013/10/13.23:35:29 P.20131013
EN microblaze_v8_50_c/MSR_Reg 1664372971 \
      FL $XILINX/hw/XilinxProcessorIPLib/pcores/microblaze_v8_50_c/hdl/vhdl/msr_reg.vhd \
      PB ieee/std_logic_1164 1381692176 LB Microblaze_v8_50_c \
      PH microblaze_v8_50_c/MicroBlaze_ISA 1664372831 \
      PB microblaze_v8_50_c/MicroBlaze_Types 1664372830
AR microblaze_v8_50_c/MSR_Reg/IMP 1664372972 \
      FL $XILINX/hw/XilinxProcessorIPLib/pcores/microblaze_v8_50_c/hdl/vhdl/msr_reg.vhd \
      EN microblaze_v8_50_c/MSR_Reg 1664372971 CP MSR_Reg_Bit
FL $XILINX/hw/XilinxProcessorIPLib/pcores/microblaze_v8_50_c/hdl/vhdl/msr_reg_bit.vhd 2013/10/13.23:35:29 P.20131013
EN microblaze_v8_50_c/MSR_Reg_Bit 1664372885 \
      FL $XILINX/hw/XilinxProcessorIPLib/pcores/microblaze_v8_50_c/hdl/vhdl/msr_reg_bit.vhd \
      PB ieee/std_logic_1164 1381692176 LB Microblaze_v8_50_c LB unisim \
      PH unisim/VCOMPONENTS 1381692182 PB microblaze_v8_50_c/MicroBlaze_Types 1664372830
AR microblaze_v8_50_c/MSR_Reg_Bit/IMP 1664372886 \
      FL $XILINX/hw/XilinxProcessorIPLib/pcores/microblaze_v8_50_c/hdl/vhdl/msr_reg_bit.vhd \
      EN microblaze_v8_50_c/MSR_Reg_Bit 1664372885 CP FDRSE
FL $XILINX/hw/XilinxProcessorIPLib/pcores/microblaze_v8_50_c/hdl/vhdl/msr_reg_gti.vhd 2013/10/13.23:35:29 P.20131013
EN microblaze_v8_50_c/msr_reg_gti 1664372921 \
      FL $XILINX/hw/XilinxProcessorIPLib/pcores/microblaze_v8_50_c/hdl/vhdl/msr_reg_gti.vhd \
      PB ieee/std_logic_1164 1381692176 LB Microblaze_v8_50_c LB unisim \
      PH unisim/VCOMPONENTS 1381692182 PB microblaze_v8_50_c/MicroBlaze_Types 1664372830 \
      PH microblaze_v8_50_c/MicroBlaze_ISA 1664372831
AR microblaze_v8_50_c/msr_reg_gti/msr_reg 1664372922 \
      FL $XILINX/hw/XilinxProcessorIPLib/pcores/microblaze_v8_50_c/hdl/vhdl/msr_reg_gti.vhd \
      EN microblaze_v8_50_c/msr_reg_gti 1664372921 CP MSR_TYPE CP FDS CP FDR
FL $XILINX/hw/XilinxProcessorIPLib/pcores/microblaze_v8_50_c/hdl/vhdl/mul_unit.vhd 2013/10/13.23:35:29 P.20131013
EN microblaze_v8_50_c/mul_unit 1664372909 \
      FL $XILINX/hw/XilinxProcessorIPLib/pcores/microblaze_v8_50_c/hdl/vhdl/mul_unit.vhd \
      PB ieee/std_logic_1164 1381692176 PB ieee/NUMERIC_STD 1381692181 \
      LB Microblaze_v8_50_c LB unisim PH unisim/VCOMPONENTS 1381692182 \
      PH microblaze_v8_50_c/MicroBlaze_ISA 1664372831 \
      PB microblaze_v8_50_c/MicroBlaze_Types 1664372830
AR microblaze_v8_50_c/mul_unit/IMP 1664372910 \
      FL $XILINX/hw/XilinxProcessorIPLib/pcores/microblaze_v8_50_c/hdl/vhdl/mul_unit.vhd \
      EN microblaze_v8_50_c/mul_unit 1664372909 CP MUL_OP_TYPE CP std_logic \
      CP MUL_RES_TYPE CP std_logic_vector CP boolean CP DATA_TYPE CP MULT18x18S \
      CP dsp_module
FL $XILINX/hw/XilinxProcessorIPLib/pcores/microblaze_v8_50_c/hdl/vhdl/mux4.vhd 2013/10/13.23:35:29 P.20131013
EN microblaze_v8_50_c/mux4 1664373021 \
      FL $XILINX/hw/XilinxProcessorIPLib/pcores/microblaze_v8_50_c/hdl/vhdl/mux4.vhd \
      PB ieee/std_logic_1164 1381692176 LB unisim LB Microblaze_v8_50_c \
      PB microblaze_v8_50_c/MicroBlaze_Types 1664372830
AR microblaze_v8_50_c/mux4/IMP 1664373022 \
      FL $XILINX/hw/XilinxProcessorIPLib/pcores/microblaze_v8_50_c/hdl/vhdl/mux4.vhd \
      EN microblaze_v8_50_c/mux4 1664373021 CP MUXF5
FL $XILINX/hw/XilinxProcessorIPLib/pcores/microblaze_v8_50_c/hdl/vhdl/mux4_8.vhd 2013/10/13.23:35:29 P.20131013
EN microblaze_v8_50_c/mux4_8 1664372955 \
      FL $XILINX/hw/XilinxProcessorIPLib/pcores/microblaze_v8_50_c/hdl/vhdl/mux4_8.vhd \
      PB ieee/std_logic_1164 1381692176 LB unisim PH unisim/VCOMPONENTS 1381692182 \
      LB Microblaze_v8_50_c PB microblaze_v8_50_c/MicroBlaze_Types 1664372830
AR microblaze_v8_50_c/mux4_8/IMP 1664372956 \
      FL $XILINX/hw/XilinxProcessorIPLib/pcores/microblaze_v8_50_c/hdl/vhdl/mux4_8.vhd \
      EN microblaze_v8_50_c/mux4_8 1664372955 CP std_logic_vector CP std_logic \
      CP LUT3 CP MUXF5 CP LUT6_2
FL $XILINX/hw/XilinxProcessorIPLib/pcores/microblaze_v8_50_c/hdl/vhdl/mux_bus.vhd 2013/10/13.23:35:29 P.20131013
EN microblaze_v8_50_c/mux_bus 1664372853 \
      FL $XILINX/hw/XilinxProcessorIPLib/pcores/microblaze_v8_50_c/hdl/vhdl/mux_bus.vhd \
      PB ieee/std_logic_1164 1381692176 LB unisim PH unisim/VCOMPONENTS 1381692182 \
      LB Microblaze_v8_50_c PB microblaze_v8_50_c/MicroBlaze_Types 1664372830
AR microblaze_v8_50_c/mux_bus/IMP 1664372854 \
      FL $XILINX/hw/XilinxProcessorIPLib/pcores/microblaze_v8_50_c/hdl/vhdl/mux_bus.vhd \
      EN microblaze_v8_50_c/mux_bus 1664372853 CP std_logic_vector CP LUT6_2
FL $XILINX/hw/XilinxProcessorIPLib/pcores/microblaze_v8_50_c/hdl/vhdl/operand_select.vhd 2013/10/13.23:35:29 P.20131013
EN microblaze_v8_50_c/Operand_Select 1664372959 \
      FL $XILINX/hw/XilinxProcessorIPLib/pcores/microblaze_v8_50_c/hdl/vhdl/operand_select.vhd \
      PB ieee/std_logic_1164 1381692176 PB ieee/NUMERIC_STD 1381692181 \
      LB Microblaze_v8_50_c PH microblaze_v8_50_c/MicroBlaze_ISA 1664372831 \
      PB microblaze_v8_50_c/MicroBlaze_Types 1664372830
AR microblaze_v8_50_c/Operand_Select/IMP 1664372960 \
      FL $XILINX/hw/XilinxProcessorIPLib/pcores/microblaze_v8_50_c/hdl/vhdl/operand_select.vhd \
      EN microblaze_v8_50_c/Operand_Select 1664372959 CP Boolean_array \
      CP Operand_Select_Bit CP std_logic_vector
FL $XILINX/hw/XilinxProcessorIPLib/pcores/microblaze_v8_50_c/hdl/vhdl/operand_select_bit.vhd 2013/10/13.23:35:29 P.20131013
EN microblaze_v8_50_c/Operand_Select_Bit 1664372891 \
      FL $XILINX/hw/XilinxProcessorIPLib/pcores/microblaze_v8_50_c/hdl/vhdl/operand_select_bit.vhd \
      PB ieee/std_logic_1164 1381692176 LB Microblaze_v8_50_c LB unisim \
      PH unisim/VCOMPONENTS 1381692182 PB microblaze_v8_50_c/MicroBlaze_Types 1664372830
AR microblaze_v8_50_c/Operand_Select_Bit/IMP 1664372892 \
      FL $XILINX/hw/XilinxProcessorIPLib/pcores/microblaze_v8_50_c/hdl/vhdl/operand_select_bit.vhd \
      EN microblaze_v8_50_c/Operand_Select_Bit 1664372891 CP LUT6_2 CP LUT3 CP LUT2 \
      CP LUT4 CP MUXF5 CP FDRE CP FDE CP std_logic
FL $XILINX/hw/XilinxProcessorIPLib/pcores/microblaze_v8_50_c/hdl/vhdl/operand_select_gti.vhd 2013/10/13.23:35:29 P.20131013
EN microblaze_v8_50_c/Operand_Select_gti 1664372903 \
      FL $XILINX/hw/XilinxProcessorIPLib/pcores/microblaze_v8_50_c/hdl/vhdl/operand_select_gti.vhd \
      PB ieee/std_logic_1164 1381692176 LB Microblaze_v8_50_c LB unisim \
      PH unisim/VCOMPONENTS 1381692182 PH microblaze_v8_50_c/MicroBlaze_ISA 1664372831 \
      PB microblaze_v8_50_c/MicroBlaze_Types 1664372830
AR microblaze_v8_50_c/Operand_Select_gti/IMP 1664372904 \
      FL $XILINX/hw/XilinxProcessorIPLib/pcores/microblaze_v8_50_c/hdl/vhdl/operand_select_gti.vhd \
      EN microblaze_v8_50_c/Operand_Select_gti 1664372903 CP std_logic CP MUXF7
FL $XILINX/hw/XilinxProcessorIPLib/pcores/microblaze_v8_50_c/hdl/vhdl/parity.vhd 2013/10/13.23:35:29 P.20131013
EN microblaze_v8_50_c/Parity_Recursive_LUT6 1664372849 \
      FL $XILINX/hw/XilinxProcessorIPLib/pcores/microblaze_v8_50_c/hdl/vhdl/parity.vhd \
      PB ieee/std_logic_1164 1381692176
AR microblaze_v8_50_c/Parity_Recursive_LUT6/IMP 1664372850 \
      FL $XILINX/hw/XilinxProcessorIPLib/pcores/microblaze_v8_50_c/hdl/vhdl/parity.vhd \
      EN microblaze_v8_50_c/Parity_Recursive_LUT6 1664372849 LB unisim \
      PH unisim/VCOMPONENTS 1381692182 CP std_logic_vector CP LUT6 CP std_logic \
      CP MUXF7 CP integer_array CP integer CP Parity_Recursive_LUT6
EN microblaze_v8_50_c/Parity 1664372851 \
      FL $XILINX/hw/XilinxProcessorIPLib/pcores/microblaze_v8_50_c/hdl/vhdl/parity.vhd \
      PB ieee/std_logic_1164 1381692176 LB Microblaze_v8_50_c \
      PB microblaze_v8_50_c/MicroBlaze_Types 1664372830
AR microblaze_v8_50_c/Parity/IMP 1664372852 \
      FL $XILINX/hw/XilinxProcessorIPLib/pcores/microblaze_v8_50_c/hdl/vhdl/parity.vhd \
      EN microblaze_v8_50_c/Parity 1664372851 LB unisim PH unisim/VCOMPONENTS 1381692182 \
      CP std_logic_vector CP std_logic CP LUT6 CP MUXCY_L CP XORCY \
      CP Parity_Recursive_LUT6
FL $XILINX/hw/XilinxProcessorIPLib/pcores/microblaze_v8_50_c/hdl/vhdl/pc_bit.vhd 2013/10/13.23:35:29 P.20131013
EN microblaze_v8_50_c/PC_Bit 1664372883 \
      FL $XILINX/hw/XilinxProcessorIPLib/pcores/microblaze_v8_50_c/hdl/vhdl/pc_bit.vhd \
      PB ieee/std_logic_1164 1381692176 PB ieee/NUMERIC_STD 1381692181 \
      LB Microblaze_v8_50_c LB unisim PH unisim/VCOMPONENTS 1381692182 \
      PB microblaze_v8_50_c/MicroBlaze_Types 1664372830
AR microblaze_v8_50_c/PC_Bit/IMP 1664372884 \
      FL $XILINX/hw/XilinxProcessorIPLib/pcores/microblaze_v8_50_c/hdl/vhdl/pc_bit.vhd \
      EN microblaze_v8_50_c/PC_Bit 1664372883 CP LUT4 CP MUXCY_L CP XORCY CP FDSE \
      CP FDRE CP MB_SRL16E CP FDE
FL $XILINX/hw/XilinxProcessorIPLib/pcores/microblaze_v8_50_c/hdl/vhdl/pc_module.vhd 2013/10/13.23:35:29 P.20131013
EN microblaze_v8_50_c/PC_Module 1664372973 \
      FL $XILINX/hw/XilinxProcessorIPLib/pcores/microblaze_v8_50_c/hdl/vhdl/pc_module.vhd \
      PB ieee/std_logic_1164 1381692176 PB ieee/NUMERIC_STD 1381692181 \
      LB Microblaze_v8_50_c PB microblaze_v8_50_c/MicroBlaze_Types 1664372830
AR microblaze_v8_50_c/PC_Module/IMP 1664372974 \
      FL $XILINX/hw/XilinxProcessorIPLib/pcores/microblaze_v8_50_c/hdl/vhdl/pc_module.vhd \
      EN microblaze_v8_50_c/PC_Module 1664372973 CP boolean CP std_logic_vector \
      CP string CP signal CP PC_Bit CP SRL16_BUFFER_TYPE
FL $XILINX/hw/XilinxProcessorIPLib/pcores/microblaze_v8_50_c/hdl/vhdl/pc_module_gti.vhd 2013/10/13.23:35:29 P.20131013
EN microblaze_v8_50_c/PC_Module_gti 1664372933 \
      FL $XILINX/hw/XilinxProcessorIPLib/pcores/microblaze_v8_50_c/hdl/vhdl/pc_module_gti.vhd \
      PB ieee/std_logic_1164 1381692176 PB ieee/NUMERIC_STD 1381692181 LB unisim \
      PH unisim/VCOMPONENTS 1381692182 LB Microblaze_v8_50_c \
      PH microblaze_v8_50_c/MicroBlaze_ISA 1664372831 \
      PB microblaze_v8_50_c/MicroBlaze_Types 1664372830
AR microblaze_v8_50_c/PC_Module_gti/IMP 1664372934 \
      FL $XILINX/hw/XilinxProcessorIPLib/pcores/microblaze_v8_50_c/hdl/vhdl/pc_module_gti.vhd \
      EN microblaze_v8_50_c/PC_Module_gti 1664372933 CP DATA_TYPE \
      CP std_logic_vector CP MUXCY_L CP XORCY CP std_logic CP signal CP MUXF7 CP MUXF5 \
      CP FDR CP boolean CP natural CP mmu_vector CP integer CP width_select_vector \
      CP width_vector CP rboolean CP Prediction_Buffer_Type CP slv_0to3 CP slv_0to1 \
      CP Parity CP carry_and CP RAM_Module CP comparator CP carry_or
FL $XILINX/hw/XilinxProcessorIPLib/pcores/microblaze_v8_50_c/hdl/vhdl/prefetch_buffer.vhd 2013/10/13.23:35:29 P.20131013
EN microblaze_v8_50_c/PreFetch_Buffer 1664372975 \
      FL $XILINX/hw/XilinxProcessorIPLib/pcores/microblaze_v8_50_c/hdl/vhdl/prefetch_buffer.vhd \
      PB ieee/std_logic_1164 1381692176 PB ieee/NUMERIC_STD 1381692181 \
      LB Microblaze_v8_50_c LB unisim PH unisim/VCOMPONENTS 1381692182 \
      PB microblaze_v8_50_c/MicroBlaze_Types 1664372830
AR microblaze_v8_50_c/PreFetch_Buffer/IMP 1664372976 \
      FL $XILINX/hw/XilinxProcessorIPLib/pcores/microblaze_v8_50_c/hdl/vhdl/prefetch_buffer.vhd \
      EN microblaze_v8_50_c/PreFetch_Buffer 1664372975 CP std_logic_vector \
      CP MB_SRL16E CP MUXCY_L CP XORCY CP FDS CP FDR CP SRL16_TYPE
FL $XILINX/hw/XilinxProcessorIPLib/pcores/microblaze_v8_50_c/hdl/vhdl/prefetch_buffer_gti.vhd 2013/10/13.23:35:29 P.20131013
EN microblaze_v8_50_c/PreFetch_Buffer_gti 1664372935 \
      FL $XILINX/hw/XilinxProcessorIPLib/pcores/microblaze_v8_50_c/hdl/vhdl/prefetch_buffer_gti.vhd \
      PB ieee/std_logic_1164 1381692176 PB ieee/NUMERIC_STD 1381692181 \
      LB Microblaze_v8_50_c PH microblaze_v8_50_c/MicroBlaze_ISA 1664372831 \
      PB microblaze_v8_50_c/MicroBlaze_Types 1664372830
AR microblaze_v8_50_c/PreFetch_Buffer_gti/IMP 1664372936 \
      FL $XILINX/hw/XilinxProcessorIPLib/pcores/microblaze_v8_50_c/hdl/vhdl/prefetch_buffer_gti.vhd \
      EN microblaze_v8_50_c/PreFetch_Buffer_gti 1664372935 LB unisim \
      PH unisim/VCOMPONENTS 1381692182 CP std_logic CP instr_data_exp_type CP MUXF7 \
      CP MUXF5 CP FDR CP std_logic_vector CP LUT6 CP FDS
FL $XILINX/hw/XilinxProcessorIPLib/pcores/microblaze_v8_50_c/hdl/vhdl/pvr.vhd 2013/10/13.23:35:29 P.20131013
EN microblaze_v8_50_c/PVR 1664372929 \
      FL $XILINX/hw/XilinxProcessorIPLib/pcores/microblaze_v8_50_c/hdl/vhdl/pvr.vhd \
      PB ieee/std_logic_1164 1381692176 PB ieee/NUMERIC_STD 1381692181 \
      LB Microblaze_v8_50_c LB unisim PH unisim/VCOMPONENTS 1381692182 \
      PH microblaze_v8_50_c/MicroBlaze_ISA 1664372831 \
      PB microblaze_v8_50_c/MicroBlaze_Types 1664372830
AR microblaze_v8_50_c/PVR/IMP 1664372930 \
      FL $XILINX/hw/XilinxProcessorIPLib/pcores/microblaze_v8_50_c/hdl/vhdl/pvr.vhd \
      EN microblaze_v8_50_c/PVR 1664372929 CP PVR_TYPE CP string CP signal
FL $XILINX/hw/XilinxProcessorIPLib/pcores/microblaze_v8_50_c/hdl/vhdl/ram_module.vhd 2013/10/13.23:35:29 P.20131013
EN microblaze_v8_50_c/RAM_Module 1664372875 \
      FL $XILINX/hw/XilinxProcessorIPLib/pcores/microblaze_v8_50_c/hdl/vhdl/ram_module.vhd \
      PB ieee/std_logic_1164 1381692176 LB unisim PH unisim/VCOMPONENTS 1381692182 \
      LB Microblaze_v8_50_c PB microblaze_v8_50_c/MicroBlaze_Types 1664372830
AR microblaze_v8_50_c/RAM_Module/IMP 1664372876 \
      FL $XILINX/hw/XilinxProcessorIPLib/pcores/microblaze_v8_50_c/hdl/vhdl/ram_module.vhd \
      EN microblaze_v8_50_c/RAM_Module 1664372875 PB ieee/NUMERIC_STD 1381692181 \
      CP std_logic_vector CP RAMB36 CP RAMB16 CP RAMB16BWE CP RAMB16_S36_S36 \
      CP RAMB16_S18_S18 CP RAMB16_S9_S9 CP integer CP std_logic CP RAMB16_S4_S4 \
      CP RAMB16_S2_S2 CP RAMB16_S1_S1 CP ram_output CP RAM_Module
FL $XILINX/hw/XilinxProcessorIPLib/pcores/microblaze_v8_50_c/hdl/vhdl/read_data_mux_gti.vhd 2013/10/13.23:35:28 P.20131013
EN microblaze_v8_50_c/read_data_mux 1664373013 \
      FL $XILINX/hw/XilinxProcessorIPLib/pcores/microblaze_v8_50_c/hdl/vhdl/read_data_mux_gti.vhd \
      PB ieee/std_logic_1164 1381692176 LB Microblaze_v8_50_c \
      PH microblaze_v8_50_c/MicroBlaze_ISA 1664372831 \
      PB microblaze_v8_50_c/MicroBlaze_Types 1664372830
AR microblaze_v8_50_c/read_data_mux/IMP 1664373014 \
      FL $XILINX/hw/XilinxProcessorIPLib/pcores/microblaze_v8_50_c/hdl/vhdl/read_data_mux_gti.vhd \
      EN microblaze_v8_50_c/read_data_mux 1664373013
FL $XILINX/hw/XilinxProcessorIPLib/pcores/microblaze_v8_50_c/hdl/vhdl/register_file.vhd 2013/10/13.23:35:29 P.20131013
EN microblaze_v8_50_c/Register_File 1664372957 \
      FL $XILINX/hw/XilinxProcessorIPLib/pcores/microblaze_v8_50_c/hdl/vhdl/register_file.vhd \
      PB ieee/std_logic_1164 1381692176 PB ieee/NUMERIC_STD 1381692181 \
      LB Microblaze_v8_50_c PB microblaze_v8_50_c/MicroBlaze_Types 1664372830
AR microblaze_v8_50_c/Register_File/IMP 1664372958 \
      FL $XILINX/hw/XilinxProcessorIPLib/pcores/microblaze_v8_50_c/hdl/vhdl/register_file.vhd \
      EN microblaze_v8_50_c/Register_File 1664372957 CP Register_File_Bit \
      CP REG_FILE_TYPE CP string CP signal
FL $XILINX/hw/XilinxProcessorIPLib/pcores/microblaze_v8_50_c/hdl/vhdl/register_file_bit.vhd 2013/10/13.23:35:29 P.20131013
EN microblaze_v8_50_c/Register_File_Bit 1664372893 \
      FL $XILINX/hw/XilinxProcessorIPLib/pcores/microblaze_v8_50_c/hdl/vhdl/register_file_bit.vhd \
      PB ieee/std_logic_1164 1381692176 LB Microblaze_v8_50_c \
      PB microblaze_v8_50_c/MicroBlaze_Types 1664372830
AR microblaze_v8_50_c/Register_File_Bit/IMP 1664372894 \
      FL $XILINX/hw/XilinxProcessorIPLib/pcores/microblaze_v8_50_c/hdl/vhdl/register_file_bit.vhd \
      EN microblaze_v8_50_c/Register_File_Bit 1664372893 LB unisim \
      PH unisim/VCOMPONENTS 1381692182 CP std_logic CP RAM32x1D CP RAM16x1D CP LUT3
FL $XILINX/hw/XilinxProcessorIPLib/pcores/microblaze_v8_50_c/hdl/vhdl/register_file_gti.vhd 2013/10/13.23:35:29 P.20131013
EN microblaze_v8_50_c/Register_File_gti 1664372901 \
      FL $XILINX/hw/XilinxProcessorIPLib/pcores/microblaze_v8_50_c/hdl/vhdl/register_file_gti.vhd \
      PB ieee/std_logic_1164 1381692176 PB ieee/NUMERIC_STD 1381692181 \
      LB Microblaze_v8_50_c PB microblaze_v8_50_c/MicroBlaze_Types 1664372830
AR microblaze_v8_50_c/Register_File_gti/IMP 1664372902 \
      FL $XILINX/hw/XilinxProcessorIPLib/pcores/microblaze_v8_50_c/hdl/vhdl/register_file_gti.vhd \
      EN microblaze_v8_50_c/Register_File_gti 1664372901 LB unisim \
      PH unisim/VCOMPONENTS 1381692182 CP RAM32M
FL $XILINX/hw/XilinxProcessorIPLib/pcores/microblaze_v8_50_c/hdl/vhdl/result_mux.vhd 2013/10/13.23:35:29 P.20131013
EN microblaze_v8_50_c/Result_Mux 1664372967 \
      FL $XILINX/hw/XilinxProcessorIPLib/pcores/microblaze_v8_50_c/hdl/vhdl/result_mux.vhd \
      PB ieee/std_logic_1164 1381692176 LB Microblaze_v8_50_c \
      PB microblaze_v8_50_c/MicroBlaze_Types 1664372830
AR microblaze_v8_50_c/Result_Mux/IMP 1664372968 \
      FL $XILINX/hw/XilinxProcessorIPLib/pcores/microblaze_v8_50_c/hdl/vhdl/result_mux.vhd \
      EN microblaze_v8_50_c/Result_Mux 1664372967 CP Result_Mux_Bit \
      CP std_logic_vector
FL $XILINX/hw/XilinxProcessorIPLib/pcores/microblaze_v8_50_c/hdl/vhdl/result_mux_bit.vhd 2013/10/13.23:35:29 P.20131013
EN microblaze_v8_50_c/Result_Mux_Bit 1664372887 \
      FL $XILINX/hw/XilinxProcessorIPLib/pcores/microblaze_v8_50_c/hdl/vhdl/result_mux_bit.vhd \
      PB ieee/std_logic_1164 1381692176 LB Microblaze_v8_50_c \
      PB microblaze_v8_50_c/MicroBlaze_Types 1664372830
AR microblaze_v8_50_c/Result_Mux_Bit/IMP 1664372888 \
      FL $XILINX/hw/XilinxProcessorIPLib/pcores/microblaze_v8_50_c/hdl/vhdl/result_mux_bit.vhd \
      EN microblaze_v8_50_c/Result_Mux_Bit 1664372887 LB unisim \
      PH unisim/VCOMPONENTS 1381692182 CP LUT4 CP MUXF5 CP FD
FL $XILINX/hw/XilinxProcessorIPLib/pcores/microblaze_v8_50_c/hdl/vhdl/shift_logic.vhd 2013/10/13.23:35:29 P.20131013
EN microblaze_v8_50_c/Shift_Logic_Module 1664372961 \
      FL $XILINX/hw/XilinxProcessorIPLib/pcores/microblaze_v8_50_c/hdl/vhdl/shift_logic.vhd \
      PB ieee/std_logic_1164 1381692176 LB Microblaze_v8_50_c \
      PH microblaze_v8_50_c/MicroBlaze_ISA 1664372831 \
      PB microblaze_v8_50_c/MicroBlaze_Types 1664372830
AR microblaze_v8_50_c/Shift_Logic_Module/IMP 1664372962 \
      FL $XILINX/hw/XilinxProcessorIPLib/pcores/microblaze_v8_50_c/hdl/vhdl/shift_logic.vhd \
      EN microblaze_v8_50_c/Shift_Logic_Module 1664372961 LB unisim \
      PH unisim/VCOMPONENTS 1381692182 CP Shift_Logic_Bit CP std_logic_vector \
      CP std_logic CP count_leading_zeros CP carry_equal CP LUT4 CP MUXF5 CP LUT2
FL $XILINX/hw/XilinxProcessorIPLib/pcores/microblaze_v8_50_c/hdl/vhdl/shift_logic_bit.vhd 2013/10/13.23:35:29 P.20131013
EN microblaze_v8_50_c/Shift_Logic_Bit 1664372889 \
      FL $XILINX/hw/XilinxProcessorIPLib/pcores/microblaze_v8_50_c/hdl/vhdl/shift_logic_bit.vhd \
      PB ieee/std_logic_1164 1381692176 LB Microblaze_v8_50_c \
      PB microblaze_v8_50_c/MicroBlaze_Types 1664372830
AR microblaze_v8_50_c/Shift_Logic_Bit/IMP 1664372890 \
      FL $XILINX/hw/XilinxProcessorIPLib/pcores/microblaze_v8_50_c/hdl/vhdl/shift_logic_bit.vhd \
      EN microblaze_v8_50_c/Shift_Logic_Bit 1664372889 LB unisim \
      PH unisim/VCOMPONENTS 1381692182 CP LUT4 CP MUXF5
FL $XILINX/hw/XilinxProcessorIPLib/pcores/microblaze_v8_50_c/hdl/vhdl/shift_logic_gti.vhd 2013/10/13.23:35:29 P.20131013
EN microblaze_v8_50_c/Shift_Logic_Module_gti 1664372907 \
      FL $XILINX/hw/XilinxProcessorIPLib/pcores/microblaze_v8_50_c/hdl/vhdl/shift_logic_gti.vhd \
      PB ieee/std_logic_1164 1381692176 LB Microblaze_v8_50_c LB unisim \
      PH unisim/VCOMPONENTS 1381692182 PH microblaze_v8_50_c/MicroBlaze_ISA 1664372831 \
      PB microblaze_v8_50_c/MicroBlaze_Types 1664372830
AR microblaze_v8_50_c/Shift_Logic_Module_gti/IMP 1664372908 \
      FL $XILINX/hw/XilinxProcessorIPLib/pcores/microblaze_v8_50_c/hdl/vhdl/shift_logic_gti.vhd \
      EN microblaze_v8_50_c/Shift_Logic_Module_gti 1664372907 CP DATA_TYPE \
      CP std_logic CP MUXF5 CP LUT6 CP std_logic_vector CP MUXF7 \
      CP count_leading_zeros CP carry_equal CP LUT4
FL $XILINX/hw/XilinxProcessorIPLib/pcores/microblaze_v8_50_c/hdl/vhdl/stack_protection.vhd 2013/10/13.23:35:29 P.20131013
EN microblaze_v8_50_c/stack_protection 1664372931 \
      FL $XILINX/hw/XilinxProcessorIPLib/pcores/microblaze_v8_50_c/hdl/vhdl/stack_protection.vhd \
      PB ieee/std_logic_1164 1381692176 PB ieee/NUMERIC_STD 1381692181 \
      LB Microblaze_v8_50_c PH microblaze_v8_50_c/MicroBlaze_ISA 1664372831 \
      PB microblaze_v8_50_c/MicroBlaze_Types 1664372830
AR microblaze_v8_50_c/stack_protection/IMP 1664372932 \
      FL $XILINX/hw/XilinxProcessorIPLib/pcores/microblaze_v8_50_c/hdl/vhdl/stack_protection.vhd \
      EN microblaze_v8_50_c/stack_protection 1664372931 CP std_logic
FL $XILINX/hw/XilinxProcessorIPLib/pcores/microblaze_v8_50_c/hdl/vhdl/streaming_axi.vhd 2013/10/13.23:35:29 P.20131013
EN microblaze_v8_50_c/Streaming_AXI 1664372979 \
      FL $XILINX/hw/XilinxProcessorIPLib/pcores/microblaze_v8_50_c/hdl/vhdl/streaming_axi.vhd \
      PB ieee/std_logic_1164 1381692176 PB ieee/NUMERIC_STD 1381692181 \
      LB Microblaze_v8_50_c LB unisim PH unisim/VCOMPONENTS 1381692182 \
      PB microblaze_v8_50_c/MicroBlaze_Types 1664372830
AR microblaze_v8_50_c/Streaming_AXI/IMP 1664372980 \
      FL $XILINX/hw/XilinxProcessorIPLib/pcores/microblaze_v8_50_c/hdl/vhdl/streaming_axi.vhd \
      EN microblaze_v8_50_c/Streaming_AXI 1664372979 CP std_logic CP boolean \
      CP FDRE
FL $XILINX/hw/XilinxProcessorIPLib/pcores/microblaze_v8_50_c/hdl/vhdl/stream_cache.vhd 2013/10/13.23:35:29 P.20131013
EN microblaze_v8_50_c/stream_cache 1664372947 \
      FL $XILINX/hw/XilinxProcessorIPLib/pcores/microblaze_v8_50_c/hdl/vhdl/stream_cache.vhd \
      PB ieee/std_logic_1164 1381692176 PB ieee/NUMERIC_STD 1381692181 \
      LB Microblaze_v8_50_c LB unisim PH unisim/VCOMPONENTS 1381692182 \
      PB microblaze_v8_50_c/MicroBlaze_Types 1664372830
AR microblaze_v8_50_c/stream_cache/IMP 1664372948 \
      FL $XILINX/hw/XilinxProcessorIPLib/pcores/microblaze_v8_50_c/hdl/vhdl/stream_cache.vhd \
      EN microblaze_v8_50_c/stream_cache 1664372947 CP MUXCY_L CP XORCY CP FDRE
FL $XILINX/hw/XilinxProcessorIPLib/pcores/microblaze_v8_50_c/hdl/vhdl/vec_mux.vhd 2013/10/13.23:35:29 P.20131013
EN microblaze_v8_50_c/vec_mux 1664372941 \
      FL $XILINX/hw/XilinxProcessorIPLib/pcores/microblaze_v8_50_c/hdl/vhdl/vec_mux.vhd \
      PB ieee/std_logic_1164 1381692176 LB unisim LB Microblaze_v8_50_c \
      PB microblaze_v8_50_c/MicroBlaze_Types 1664372830
AR microblaze_v8_50_c/vec_mux/IMP 1664372942 \
      FL $XILINX/hw/XilinxProcessorIPLib/pcores/microblaze_v8_50_c/hdl/vhdl/vec_mux.vhd \
      EN microblaze_v8_50_c/vec_mux 1664372941
FL $XILINX/hw/XilinxProcessorIPLib/pcores/microblaze_v8_50_c/hdl/vhdl/victim_cache.vhd 2013/10/13.23:35:29 P.20131013
EN microblaze_v8_50_c/LRU_Module 1664372943 \
      FL $XILINX/hw/XilinxProcessorIPLib/pcores/microblaze_v8_50_c/hdl/vhdl/victim_cache.vhd \
      PB ieee/std_logic_1164 1381692176 PB ieee/NUMERIC_STD 1381692181
AR microblaze_v8_50_c/LRU_Module/LRU_Module 1664372944 \
      FL $XILINX/hw/XilinxProcessorIPLib/pcores/microblaze_v8_50_c/hdl/vhdl/victim_cache.vhd \
      EN microblaze_v8_50_c/LRU_Module 1664372943 CP std_logic CP std_logic_vector
EN microblaze_v8_50_c/victim_cache 1664372945 \
      FL $XILINX/hw/XilinxProcessorIPLib/pcores/microblaze_v8_50_c/hdl/vhdl/victim_cache.vhd \
      PB ieee/std_logic_1164 1381692176 PB ieee/NUMERIC_STD 1381692181 \
      LB Microblaze_v8_50_c LB unisim PH unisim/VCOMPONENTS 1381692182 \
      PB microblaze_v8_50_c/MicroBlaze_Types 1664372830
AR microblaze_v8_50_c/victim_cache/IMP 1664372946 \
      FL $XILINX/hw/XilinxProcessorIPLib/pcores/microblaze_v8_50_c/hdl/vhdl/victim_cache.vhd \
      EN microblaze_v8_50_c/victim_cache 1664372945 CP LRU_Module
FL $XILINX/hw/XilinxProcessorIPLib/pcores/microblaze_v8_50_c/hdl/vhdl/wb_mux_bit_gti.vhd 2013/10/13.23:35:29 P.20131013
EN microblaze_v8_50_c/WB_Mux_Bit 1664372867 \
      FL $XILINX/hw/XilinxProcessorIPLib/pcores/microblaze_v8_50_c/hdl/vhdl/wb_mux_bit_gti.vhd \
      PB ieee/std_logic_1164 1381692176 LB Microblaze_v8_50_c LB unisim \
      PH unisim/VCOMPONENTS 1381692182 PB microblaze_v8_50_c/MicroBlaze_Types 1664372830 \
      PH microblaze_v8_50_c/MicroBlaze_ISA 1664372831
AR microblaze_v8_50_c/WB_Mux_Bit/IMP 1664372868 \
      FL $XILINX/hw/XilinxProcessorIPLib/pcores/microblaze_v8_50_c/hdl/vhdl/wb_mux_bit_gti.vhd \
      EN microblaze_v8_50_c/WB_Mux_Bit 1664372867 CP std_logic CP MUXF5 CP MUXF6
FL $XILINX/hw/XilinxProcessorIPLib/pcores/microblaze_v8_50_c/hdl/vhdl/wb_mux_gti.vhd 2013/10/13.23:35:29 P.20131013
EN microblaze_v8_50_c/WB_Mux 1664372913 \
      FL $XILINX/hw/XilinxProcessorIPLib/pcores/microblaze_v8_50_c/hdl/vhdl/wb_mux_gti.vhd \
      PB ieee/std_logic_1164 1381692176 LB Microblaze_v8_50_c \
      PB microblaze_v8_50_c/MicroBlaze_Types 1664372830 \
      PH microblaze_v8_50_c/MicroBlaze_ISA 1664372831
AR microblaze_v8_50_c/WB_Mux/IMP 1664372914 \
      FL $XILINX/hw/XilinxProcessorIPLib/pcores/microblaze_v8_50_c/hdl/vhdl/wb_mux_gti.vhd \
      EN microblaze_v8_50_c/WB_Mux 1664372913 CP Data_Vector CP Ctrl_Vector \
      CP std_logic CP std_logic_vector CP WB_Mux_Bit CP DATA_TYPE
FL $XILINX/hw/XilinxProcessorIPLib/pcores/microblaze_v8_50_c/hdl/vhdl/zero_detect.vhd 2013/10/13.23:35:29 P.20131013
EN microblaze_v8_50_c/Zero_Detect 1664372969 \
      FL $XILINX/hw/XilinxProcessorIPLib/pcores/microblaze_v8_50_c/hdl/vhdl/zero_detect.vhd \
      PB ieee/std_logic_1164 1381692176 LB Microblaze_v8_50_c \
      PB microblaze_v8_50_c/MicroBlaze_Types 1664372830
AR microblaze_v8_50_c/Zero_Detect/IMP 1664372970 \
      FL $XILINX/hw/XilinxProcessorIPLib/pcores/microblaze_v8_50_c/hdl/vhdl/zero_detect.vhd \
      EN microblaze_v8_50_c/Zero_Detect 1664372969 LB unisim PH unisim/VCOMPONENTS 1381692182 \
      CP natural CP std_logic_vector CP std_logic CP MUXCY_L
FL $XILINX/hw/XilinxProcessorIPLib/pcores/microblaze_v8_50_c/hdl/vhdl/zero_detect_gti.vhd 2013/10/13.23:35:29 P.20131013
EN microblaze_v8_50_c/Zero_Detect_gti 1664372915 \
      FL $XILINX/hw/XilinxProcessorIPLib/pcores/microblaze_v8_50_c/hdl/vhdl/zero_detect_gti.vhd \
      PB ieee/std_logic_1164 1381692176 LB Microblaze_v8_50_c LB unisim \
      PH unisim/VCOMPONENTS 1381692182 PB microblaze_v8_50_c/MicroBlaze_Types 1664372830
AR microblaze_v8_50_c/Zero_Detect_gti/IMP 1664372916 \
      FL $XILINX/hw/XilinxProcessorIPLib/pcores/microblaze_v8_50_c/hdl/vhdl/zero_detect_gti.vhd \
      EN microblaze_v8_50_c/Zero_Detect_gti 1664372915 CP natural \
      CP std_logic_vector CP std_logic CP MUXCY_L
