EN practica2_microblaze_0_wrapper NULL C:/Users/Rpalomares/Dropbox/MasterII/SE/ws/practica2/hdl/practica2_microblaze_0_wrapper.vhd sub00/vhpl00 1664373027
AR practica2_microblaze_0_wrapper structure C:/Users/Rpalomares/Dropbox/MasterII/SE/ws/practica2/hdl/practica2_microblaze_0_wrapper.vhd sub00/vhpl01 1664373028
