
**** Build of configuration Debug for project practica3_sdk ****

make all 
Building file: ../src/testperiph.c
Invoking: MicroBlaze gcc compiler
mb-gcc -Wall -O0 -g3 -c -fmessage-length=0 -Wl,--no-relax -I../../peripheral_tests_bsp_0/microblaze_0/include -mxl-pattern-compare -mcpu=v8.30.a -mno-xl-soft-mul -MMD -MP -MF"src/testperiph.d" -MT"src/testperiph.d" -o"src/testperiph.o" "../src/testperiph.c"
../src/testperiph.c: In function 'getSingleDigitNumber':
../src/testperiph.c:51:3: warning: implicit declaration of function 'XUartLite_RecvByte' [-Wimplicit-function-declaration]
../src/testperiph.c: In function 'getNumber':
../src/testperiph.c:89:4: warning: implicit declaration of function 'XUartLite_SendByte' [-Wimplicit-function-declaration]
../src/testperiph.c:127:4: warning: implicit declaration of function 'xil_printf' [-Wimplicit-function-declaration]
Finished building: ../src/testperiph.c
' '
Building target: practica3_sdk.elf
Invoking: MicroBlaze gcc linker
mb-gcc -Wl,--no-relax -Wl,-T -Wl,../src/lscript.ld -L../../peripheral_tests_bsp_0/microblaze_0/lib -mxl-pattern-compare -mcpu=v8.30.a -mno-xl-soft-mul -o"practica3_sdk.elf"  ./src/testperiph.o ./src/xbram_example.o   -Wl,--start-group,-lxil,-lgcc,-lc,--end-group
Finished building target: practica3_sdk.elf
' '
Invoking: MicroBlaze Print Size
mb-size practica3_sdk.elf  |tee "practica3_sdk.elf.size"
   text	   data	    bss	    dec	    hex	filename
  10202	    368	   2182	  12752	   31d0	practica3_sdk.elf
Finished building: practica3_sdk.elf.size
' '
Invoking: Xilinx ELF Check
elfcheck practica3_sdk.elf -hw ../../practica3_hw_platform/system.xml -pe microblaze_0  |tee "practica3_sdk.elf.elfcheck"
elfcheck
Xilinx EDK 14.1 Build EDK_P.15xf
Copyright (c) 1995-2012 Xilinx, Inc.  All rights reserved.

Command Line: elfcheck -hw ../../practica3_hw_platform/system.xml -pe
microblaze_0 practica3_sdk.elf 

ELF file	: practica3_sdk.elf
elfcheck passed.
Finished building: practica3_sdk.elf.elfcheck
' '
