AR user_logic imp C:/hlocal/XilinxProyectos/Practica5/pcores/motor_hw_v1_00_a/hdl/vhdl/user_logic.vhd sub00/vhpl01 1613782213
EN user_logic NULL C:/hlocal/XilinxProyectos/Practica5/pcores/motor_hw_v1_00_a/hdl/vhdl/user_logic.vhd sub00/vhpl00 1613782212
AR motor_hw imp C:/hlocal/XilinxProyectos/Practica5/pcores/motor_hw_v1_00_a/hdl/vhdl/motor_hw.vhd sub00/vhpl03 1613782215
EN motor_hw NULL C:/hlocal/XilinxProyectos/Practica5/pcores/motor_hw_v1_00_a/hdl/vhdl/motor_hw.vhd sub00/vhpl02 1613782214
