AR inferred_lut4 implementation S:/software/electronica/xilinx/14.1/ISE_DS/EDK/hw/XilinxProcessorIPLib/pcores/proc_common_v3_00_a/hdl/vhdl/inferred_lut4.vhd sub00/vhpl03 1668614396
AR pf_dpram_select implementation S:/software/electronica/xilinx/14.1/ISE_DS/EDK/hw/XilinxProcessorIPLib/pcores/proc_common_v3_00_a/hdl/vhdl/pf_dpram_select.vhd sub00/vhpl30 1668614425
AR pf_adder implementation S:/software/electronica/xilinx/14.1/ISE_DS/EDK/hw/XilinxProcessorIPLib/pcores/proc_common_v3_00_a/hdl/vhdl/pf_adder.vhd sub00/vhpl21 1668614416
PH family_support NULL S:/software/electronica/xilinx/14.1/ISE_DS/EDK/hw/XilinxProcessorIPLib/pcores/proc_common_v3_00_a/hdl/vhdl/family_support.vhd sub00/vhpl14 1668614409
PH coregen_comp_defs NULL S:/software/electronica/xilinx/14.1/ISE_DS/EDK/hw/XilinxProcessorIPLib/pcores/proc_common_v3_00_a/hdl/vhdl/coregen_comp_defs.vhd sub00/vhpl22 1668614417
PH proc_common_pkg NULL S:/software/electronica/xilinx/14.1/ISE_DS/EDK/hw/XilinxProcessorIPLib/pcores/proc_common_v3_00_a/hdl/vhdl/proc_common_pkg.vhd sub00/vhpl00 1668614677
AR pselect_f imp S:/software/electronica/xilinx/14.1/ISE_DS/EDK/hw/XilinxProcessorIPLib/pcores/proc_common_v3_00_a/hdl/vhdl/pselect_f.vhd sub00/vhpl32 1668614427
EN pf_counter_bit NULL S:/software/electronica/xilinx/14.1/ISE_DS/EDK/hw/XilinxProcessorIPLib/pcores/proc_common_v3_00_a/hdl/vhdl/pf_counter_bit.vhd sub00/vhpl04 1668614397
EN pf_occ_counter_top NULL S:/software/electronica/xilinx/14.1/ISE_DS/EDK/hw/XilinxProcessorIPLib/pcores/proc_common_v3_00_a/hdl/vhdl/pf_occ_counter_top.vhd sub00/vhpl16 1668614411
EN pf_adder_bit NULL S:/software/electronica/xilinx/14.1/ISE_DS/EDK/hw/XilinxProcessorIPLib/pcores/proc_common_v3_00_a/hdl/vhdl/pf_adder_bit.vhd sub00/vhpl06 1668614399
AR pf_occ_counter implementation S:/software/electronica/xilinx/14.1/ISE_DS/EDK/hw/XilinxProcessorIPLib/pcores/proc_common_v3_00_a/hdl/vhdl/pf_occ_counter.vhd sub00/vhpl11 1668614404
AR counter_f imp S:/software/electronica/xilinx/14.1/ISE_DS/EDK/hw/XilinxProcessorIPLib/pcores/proc_common_v3_00_a/hdl/vhdl/counter_f.vhd sub00/vhpl24 1668614419
EN or_gate128 NULL S:/software/electronica/xilinx/14.1/ISE_DS/EDK/hw/XilinxProcessorIPLib/pcores/proc_common_v3_00_a/hdl/vhdl/or_gate128.vhd sub00/vhpl33 1668614428
AR pf_counter_top implementation S:/software/electronica/xilinx/14.1/ISE_DS/EDK/hw/XilinxProcessorIPLib/pcores/proc_common_v3_00_a/hdl/vhdl/pf_counter_top.vhd sub00/vhpl19 1668614414
PH ipif_pkg NULL S:/software/electronica/xilinx/14.1/ISE_DS/EDK/hw/XilinxProcessorIPLib/pcores/proc_common_v3_00_a/hdl/vhdl/ipif_pkg.vhd sub00/vhpl35 1668614430
AR pf_occ_counter_top implementation S:/software/electronica/xilinx/14.1/ISE_DS/EDK/hw/XilinxProcessorIPLib/pcores/proc_common_v3_00_a/hdl/vhdl/pf_occ_counter_top.vhd sub00/vhpl17 1668614412
EN counter_f NULL S:/software/electronica/xilinx/14.1/ISE_DS/EDK/hw/XilinxProcessorIPLib/pcores/proc_common_v3_00_a/hdl/vhdl/counter_f.vhd sub00/vhpl23 1668614418
EN srl16_fifo NULL S:/software/electronica/xilinx/14.1/ISE_DS/EDK/hw/XilinxProcessorIPLib/pcores/proc_common_v3_00_a/hdl/vhdl/srl16_fifo.vhd sub00/vhpl27 1668614422
EN pf_occ_counter NULL S:/software/electronica/xilinx/14.1/ISE_DS/EDK/hw/XilinxProcessorIPLib/pcores/proc_common_v3_00_a/hdl/vhdl/pf_occ_counter.vhd sub00/vhpl10 1668614403
PB family_support family_support S:/software/electronica/xilinx/14.1/ISE_DS/EDK/hw/XilinxProcessorIPLib/pcores/proc_common_v3_00_a/hdl/vhdl/family_support.vhd sub00/vhpl15 1668614410
EN blk_mem_gen_wrapper NULL S:/software/electronica/xilinx/14.1/ISE_DS/EDK/hw/XilinxProcessorIPLib/pcores/proc_common_v3_00_a/hdl/vhdl/blk_mem_gen_wrapper.vhd sub00/vhpl25 1668614420
EN inferred_lut4 NULL S:/software/electronica/xilinx/14.1/ISE_DS/EDK/hw/XilinxProcessorIPLib/pcores/proc_common_v3_00_a/hdl/vhdl/inferred_lut4.vhd sub00/vhpl02 1668614395
PB proc_common_pkg proc_common_pkg S:/software/electronica/xilinx/14.1/ISE_DS/EDK/hw/XilinxProcessorIPLib/pcores/proc_common_v3_00_a/hdl/vhdl/proc_common_pkg.vhd sub00/vhpl01 1668614678
AR or_muxcy implementation S:/software/electronica/xilinx/14.1/ISE_DS/EDK/hw/XilinxProcessorIPLib/pcores/proc_common_v3_00_a/hdl/vhdl/or_muxcy.vhd sub00/vhpl13 1668614408
EN pf_counter_top NULL S:/software/electronica/xilinx/14.1/ISE_DS/EDK/hw/XilinxProcessorIPLib/pcores/proc_common_v3_00_a/hdl/vhdl/pf_counter_top.vhd sub00/vhpl18 1668614413
AR pf_adder_bit implementation S:/software/electronica/xilinx/14.1/ISE_DS/EDK/hw/XilinxProcessorIPLib/pcores/proc_common_v3_00_a/hdl/vhdl/pf_adder_bit.vhd sub00/vhpl07 1668614400
EN pf_dpram_select NULL S:/software/electronica/xilinx/14.1/ISE_DS/EDK/hw/XilinxProcessorIPLib/pcores/proc_common_v3_00_a/hdl/vhdl/pf_dpram_select.vhd sub00/vhpl29 1668614424
AR pf_counter_bit implementation S:/software/electronica/xilinx/14.1/ISE_DS/EDK/hw/XilinxProcessorIPLib/pcores/proc_common_v3_00_a/hdl/vhdl/pf_counter_bit.vhd sub00/vhpl05 1668614398
EN pf_adder NULL S:/software/electronica/xilinx/14.1/ISE_DS/EDK/hw/XilinxProcessorIPLib/pcores/proc_common_v3_00_a/hdl/vhdl/pf_adder.vhd sub00/vhpl20 1668614415
EN pselect_f NULL S:/software/electronica/xilinx/14.1/ISE_DS/EDK/hw/XilinxProcessorIPLib/pcores/proc_common_v3_00_a/hdl/vhdl/pselect_f.vhd sub00/vhpl31 1668614426
EN pf_counter NULL S:/software/electronica/xilinx/14.1/ISE_DS/EDK/hw/XilinxProcessorIPLib/pcores/proc_common_v3_00_a/hdl/vhdl/pf_counter.vhd sub00/vhpl08 1668614401
AR srl16_fifo implementation S:/software/electronica/xilinx/14.1/ISE_DS/EDK/hw/XilinxProcessorIPLib/pcores/proc_common_v3_00_a/hdl/vhdl/srl16_fifo.vhd sub00/vhpl28 1668614423
AR pf_counter implementation S:/software/electronica/xilinx/14.1/ISE_DS/EDK/hw/XilinxProcessorIPLib/pcores/proc_common_v3_00_a/hdl/vhdl/pf_counter.vhd sub00/vhpl09 1668614402
AR or_gate128 imp S:/software/electronica/xilinx/14.1/ISE_DS/EDK/hw/XilinxProcessorIPLib/pcores/proc_common_v3_00_a/hdl/vhdl/or_gate128.vhd sub00/vhpl34 1668614429
PB ipif_pkg ipif_pkg S:/software/electronica/xilinx/14.1/ISE_DS/EDK/hw/XilinxProcessorIPLib/pcores/proc_common_v3_00_a/hdl/vhdl/ipif_pkg.vhd sub00/vhpl36 1668614431
AR blk_mem_gen_wrapper implementation S:/software/electronica/xilinx/14.1/ISE_DS/EDK/hw/XilinxProcessorIPLib/pcores/proc_common_v3_00_a/hdl/vhdl/blk_mem_gen_wrapper.vhd sub00/vhpl26 1668614421
EN or_muxcy NULL S:/software/electronica/xilinx/14.1/ISE_DS/EDK/hw/XilinxProcessorIPLib/pcores/proc_common_v3_00_a/hdl/vhdl/or_muxcy.vhd sub00/vhpl12 1668614407
