AR pf_occ_counter_top implementation C:/Xilinx/14.1/ISE_DS/EDK/hw/XilinxProcessorIPLib/pcores/proc_common_v3_00_a/hdl/vhdl/pf_occ_counter_top.vhd sub00/vhpl17 1670535927
PB family_support family_support C:/Xilinx/14.1/ISE_DS/EDK/hw/XilinxProcessorIPLib/pcores/proc_common_v3_00_a/hdl/vhdl/family_support.vhd sub00/vhpl15 1670535925
AR or_muxcy implementation C:/Xilinx/14.1/ISE_DS/EDK/hw/XilinxProcessorIPLib/pcores/proc_common_v3_00_a/hdl/vhdl/or_muxcy.vhd sub00/vhpl13 1670535923
AR or_gate128 imp C:/Xilinx/14.1/ISE_DS/EDK/hw/XilinxProcessorIPLib/pcores/proc_common_v3_00_a/hdl/vhdl/or_gate128.vhd sub00/vhpl34 1670535944
AR pf_dpram_select implementation C:/Xilinx/14.1/ISE_DS/EDK/hw/XilinxProcessorIPLib/pcores/proc_common_v3_00_a/hdl/vhdl/pf_dpram_select.vhd sub00/vhpl30 1670535940
EN pf_occ_counter_top NULL C:/Xilinx/14.1/ISE_DS/EDK/hw/XilinxProcessorIPLib/pcores/proc_common_v3_00_a/hdl/vhdl/pf_occ_counter_top.vhd sub00/vhpl16 1670535926
AR pselect_f imp C:/Xilinx/14.1/ISE_DS/EDK/hw/XilinxProcessorIPLib/pcores/proc_common_v3_00_a/hdl/vhdl/pselect_f.vhd sub00/vhpl32 1670535942
AR pf_adder_bit implementation C:/Xilinx/14.1/ISE_DS/EDK/hw/XilinxProcessorIPLib/pcores/proc_common_v3_00_a/hdl/vhdl/pf_adder_bit.vhd sub00/vhpl07 1670535915
PH coregen_comp_defs NULL C:/Xilinx/14.1/ISE_DS/EDK/hw/XilinxProcessorIPLib/pcores/proc_common_v3_00_a/hdl/vhdl/coregen_comp_defs.vhd sub00/vhpl22 1670535932
AR pf_adder implementation C:/Xilinx/14.1/ISE_DS/EDK/hw/XilinxProcessorIPLib/pcores/proc_common_v3_00_a/hdl/vhdl/pf_adder.vhd sub00/vhpl21 1670535931
AR counter_f imp C:/Xilinx/14.1/ISE_DS/EDK/hw/XilinxProcessorIPLib/pcores/proc_common_v3_00_a/hdl/vhdl/counter_f.vhd sub00/vhpl24 1670535934
EN pf_counter_top NULL C:/Xilinx/14.1/ISE_DS/EDK/hw/XilinxProcessorIPLib/pcores/proc_common_v3_00_a/hdl/vhdl/pf_counter_top.vhd sub00/vhpl18 1670535928
EN or_gate128 NULL C:/Xilinx/14.1/ISE_DS/EDK/hw/XilinxProcessorIPLib/pcores/proc_common_v3_00_a/hdl/vhdl/or_gate128.vhd sub00/vhpl33 1670535943
PH ipif_pkg NULL C:/Xilinx/14.1/ISE_DS/EDK/hw/XilinxProcessorIPLib/pcores/proc_common_v3_00_a/hdl/vhdl/ipif_pkg.vhd sub00/vhpl35 1670535945
EN blk_mem_gen_wrapper NULL C:/Xilinx/14.1/ISE_DS/EDK/hw/XilinxProcessorIPLib/pcores/proc_common_v3_00_a/hdl/vhdl/blk_mem_gen_wrapper.vhd sub00/vhpl25 1670535935
EN counter_f NULL C:/Xilinx/14.1/ISE_DS/EDK/hw/XilinxProcessorIPLib/pcores/proc_common_v3_00_a/hdl/vhdl/counter_f.vhd sub00/vhpl23 1670535933
EN srl16_fifo NULL C:/Xilinx/14.1/ISE_DS/EDK/hw/XilinxProcessorIPLib/pcores/proc_common_v3_00_a/hdl/vhdl/srl16_fifo.vhd sub00/vhpl27 1670535937
EN inferred_lut4 NULL C:/Xilinx/14.1/ISE_DS/EDK/hw/XilinxProcessorIPLib/pcores/proc_common_v3_00_a/hdl/vhdl/inferred_lut4.vhd sub00/vhpl02 1670535910
EN pf_adder_bit NULL C:/Xilinx/14.1/ISE_DS/EDK/hw/XilinxProcessorIPLib/pcores/proc_common_v3_00_a/hdl/vhdl/pf_adder_bit.vhd sub00/vhpl06 1670535914
AR pf_counter_bit implementation C:/Xilinx/14.1/ISE_DS/EDK/hw/XilinxProcessorIPLib/pcores/proc_common_v3_00_a/hdl/vhdl/pf_counter_bit.vhd sub00/vhpl05 1670535913
EN pf_occ_counter NULL C:/Xilinx/14.1/ISE_DS/EDK/hw/XilinxProcessorIPLib/pcores/proc_common_v3_00_a/hdl/vhdl/pf_occ_counter.vhd sub00/vhpl10 1670535918
EN pf_dpram_select NULL C:/Xilinx/14.1/ISE_DS/EDK/hw/XilinxProcessorIPLib/pcores/proc_common_v3_00_a/hdl/vhdl/pf_dpram_select.vhd sub00/vhpl29 1670535939
AR srl16_fifo implementation C:/Xilinx/14.1/ISE_DS/EDK/hw/XilinxProcessorIPLib/pcores/proc_common_v3_00_a/hdl/vhdl/srl16_fifo.vhd sub00/vhpl28 1670535938
AR pf_counter_top implementation C:/Xilinx/14.1/ISE_DS/EDK/hw/XilinxProcessorIPLib/pcores/proc_common_v3_00_a/hdl/vhdl/pf_counter_top.vhd sub00/vhpl19 1670535929
PH proc_common_pkg NULL C:/Xilinx/14.1/ISE_DS/EDK/hw/XilinxProcessorIPLib/pcores/proc_common_v3_00_a/hdl/vhdl/proc_common_pkg.vhd sub00/vhpl00 1670535920
PB ipif_pkg ipif_pkg C:/Xilinx/14.1/ISE_DS/EDK/hw/XilinxProcessorIPLib/pcores/proc_common_v3_00_a/hdl/vhdl/ipif_pkg.vhd sub00/vhpl36 1670535946
AR inferred_lut4 implementation C:/Xilinx/14.1/ISE_DS/EDK/hw/XilinxProcessorIPLib/pcores/proc_common_v3_00_a/hdl/vhdl/inferred_lut4.vhd sub00/vhpl03 1670535911
AR blk_mem_gen_wrapper implementation C:/Xilinx/14.1/ISE_DS/EDK/hw/XilinxProcessorIPLib/pcores/proc_common_v3_00_a/hdl/vhdl/blk_mem_gen_wrapper.vhd sub00/vhpl26 1670535936
EN pf_adder NULL C:/Xilinx/14.1/ISE_DS/EDK/hw/XilinxProcessorIPLib/pcores/proc_common_v3_00_a/hdl/vhdl/pf_adder.vhd sub00/vhpl20 1670535930
EN pselect_f NULL C:/Xilinx/14.1/ISE_DS/EDK/hw/XilinxProcessorIPLib/pcores/proc_common_v3_00_a/hdl/vhdl/pselect_f.vhd sub00/vhpl31 1670535941
EN pf_counter NULL C:/Xilinx/14.1/ISE_DS/EDK/hw/XilinxProcessorIPLib/pcores/proc_common_v3_00_a/hdl/vhdl/pf_counter.vhd sub00/vhpl08 1670535916
AR pf_counter implementation C:/Xilinx/14.1/ISE_DS/EDK/hw/XilinxProcessorIPLib/pcores/proc_common_v3_00_a/hdl/vhdl/pf_counter.vhd sub00/vhpl09 1670535917
EN pf_counter_bit NULL C:/Xilinx/14.1/ISE_DS/EDK/hw/XilinxProcessorIPLib/pcores/proc_common_v3_00_a/hdl/vhdl/pf_counter_bit.vhd sub00/vhpl04 1670535912
PH family_support NULL C:/Xilinx/14.1/ISE_DS/EDK/hw/XilinxProcessorIPLib/pcores/proc_common_v3_00_a/hdl/vhdl/family_support.vhd sub00/vhpl14 1670535924
AR pf_occ_counter implementation C:/Xilinx/14.1/ISE_DS/EDK/hw/XilinxProcessorIPLib/pcores/proc_common_v3_00_a/hdl/vhdl/pf_occ_counter.vhd sub00/vhpl11 1670535919
EN or_muxcy NULL C:/Xilinx/14.1/ISE_DS/EDK/hw/XilinxProcessorIPLib/pcores/proc_common_v3_00_a/hdl/vhdl/or_muxcy.vhd sub00/vhpl12 1670535922
PB proc_common_pkg proc_common_pkg C:/Xilinx/14.1/ISE_DS/EDK/hw/XilinxProcessorIPLib/pcores/proc_common_v3_00_a/hdl/vhdl/proc_common_pkg.vhd sub00/vhpl01 1670535921
