V3 3
FL //vboxsvr/se/ws/practica3/pcores/top_sumador_v1_00_a/hdl/vhdl/divisor1Hz.vhd 2022/11/15.23:41:50 P.15xf
EN work/divisor1 1668556401 \
      FL //vboxsvr/se/ws/practica3/pcores/top_sumador_v1_00_a/hdl/vhdl/divisor1Hz.vhd \
      PB ieee/std_logic_1164 1335251622 PB ieee/STD_LOGIC_UNSIGNED 1335251625
AR work/divisor1/divisor1_arch 1668556402 \
      FL //vboxsvr/se/ws/practica3/pcores/top_sumador_v1_00_a/hdl/vhdl/divisor1Hz.vhd \
      EN work/divisor1 1668556401
