EN nrvgap NULL U:/hlocal/practicasSE-main/practica4/pcores/nrvgap_v1_00_a/hdl/vhdl/nrvgap.vhd sub00/vhpl02 1668614456
AR user_logic imp U:/hlocal/practicasSE-main/practica4/pcores/nrvgap_v1_00_a/hdl/vhdl/user_logic.vhd sub00/vhpl01 1668614684
EN user_logic NULL U:/hlocal/practicasSE-main/practica4/pcores/nrvgap_v1_00_a/hdl/vhdl/user_logic.vhd sub00/vhpl00 1668614683
AR nrvgap imp U:/hlocal/practicasSE-main/practica4/pcores/nrvgap_v1_00_a/hdl/vhdl/nrvgap.vhd sub00/vhpl03 1668614457
