AR user_logic imp //vboxsvr/se/ws/practica3/pcores/top_sumador_v1_00_a/hdl/vhdl/user_logic.vhd sub00/vhpl01 1666464632
EN user_logic NULL //vboxsvr/se/ws/practica3/pcores/top_sumador_v1_00_a/hdl/vhdl/user_logic.vhd sub00/vhpl00 1666464631
AR top_sumador imp //vboxsvr/se/ws/practica3/pcores/top_sumador_v1_00_a/hdl/vhdl/top_sumador.vhd sub00/vhpl03 1666464634
EN top_sumador NULL //vboxsvr/se/ws/practica3/pcores/top_sumador_v1_00_a/hdl/vhdl/top_sumador.vhd sub00/vhpl02 1666464633
