V3 13
EN top_sumador_v1_00_a/top_sumador 0 \
      FL //vboxsvr/se/ws/practica3/pcores/top_sumador_v1_00_a/hdl/vhdl/top_sumador.vhd \
      PB ieee/std_logic_1164 1335251622 PB ieee/std_logic_arith 1335251623 \
      PB ieee/STD_LOGIC_UNSIGNED 1335251625 LB proc_common_v3_00_a \
      PB proc_common_v3_00_a/proc_common_pkg 0 LB plbv46_slave_single_v1_01_a \
      LB top_sumador_v1_00_a EN top_sumador_v1_00_a/user_logic 0 \
      PB proc_common_v3_00_a/ipif_pkg 0 \
      EN plbv46_slave_single_v1_01_a/plbv46_slave_single 0
AR top_sumador_v1_00_a/top_sumador/IMP 0 \
      FL //vboxsvr/se/ws/practica3/pcores/top_sumador_v1_00_a/hdl/vhdl/top_sumador.vhd \
      EN top_sumador_v1_00_a/top_sumador 0 \
      CP plbv46_slave_single_v1_01_a/plbv46_slave_single \
      CP top_sumador_v1_00_a/user_logic
EN top_sumador_v1_00_a/user_logic 0 \
      FL //vboxsvr/se/ws/practica3/pcores/top_sumador_v1_00_a/hdl/vhdl/user_logic.vhd \
      PB ieee/std_logic_1164 1335251622 PB ieee/std_logic_arith 1335251623 \
      PB ieee/STD_LOGIC_UNSIGNED 1335251625 LB proc_common_v3_00_a \
      PB proc_common_v3_00_a/proc_common_pkg 0
AR top_sumador_v1_00_a/user_logic/IMP 0 \
      FL //vboxsvr/se/ws/practica3/pcores/top_sumador_v1_00_a/hdl/vhdl/user_logic.vhd \
      EN top_sumador_v1_00_a/user_logic 0 CP divisor1
FL N:/ws/practica3/pcores/top_sumador_v1_00_a/devl/projnav/../../hdl/vhdl/user_logic.vhd 2022/10/16.12:24:51 P.15xf
