V3 12
FL //vboxsvr/se/ws/practica3/pcores/top_sumador_v1_00_a/hdl/vhdl/top_sumador.vhd 2022/10/15.21:00:15 P.15xf
EN top_sumador_v1_00_a/top_sumador 1666131131 \
      FL //vboxsvr/se/ws/practica3/pcores/top_sumador_v1_00_a/hdl/vhdl/top_sumador.vhd \
      PB ieee/std_logic_1164 1335251622 PB ieee/std_logic_arith 1335251623 \
      PB ieee/STD_LOGIC_UNSIGNED 1335251625 LB proc_common_v3_00_a \
      LB plbv46_slave_single_v1_01_a LB top_sumador_v1_00_a \
      PB proc_common_v3_00_a/proc_common_pkg 1666131108 \
      PB proc_common_v3_00_a/ipif_pkg 1666131120 \
      EN plbv46_slave_single_v1_01_a/plbv46_slave_single 1666131127 \
      EN top_sumador_v1_00_a/user_logic 1666131129
AR top_sumador_v1_00_a/top_sumador/IMP 1666131132 \
      FL //vboxsvr/se/ws/practica3/pcores/top_sumador_v1_00_a/hdl/vhdl/top_sumador.vhd \
      EN top_sumador_v1_00_a/top_sumador 1666131131 \
      CP plbv46_slave_single_v1_01_a/plbv46_slave_single \
      CP top_sumador_v1_00_a/user_logic
FL //vboxsvr/se/ws/practica3/pcores/top_sumador_v1_00_a/hdl/vhdl/user_logic.vhd 2022/10/18.23:55:10 P.15xf
EN top_sumador_v1_00_a/user_logic 1666131129 \
      FL //vboxsvr/se/ws/practica3/pcores/top_sumador_v1_00_a/hdl/vhdl/user_logic.vhd \
      PB ieee/std_logic_1164 1335251622 PB ieee/std_logic_arith 1335251623 \
      PB ieee/STD_LOGIC_UNSIGNED 1335251625 LB proc_common_v3_00_a \
      PB proc_common_v3_00_a/proc_common_pkg 1666131108
AR top_sumador_v1_00_a/user_logic/IMP 1666131130 \
      FL //vboxsvr/se/ws/practica3/pcores/top_sumador_v1_00_a/hdl/vhdl/user_logic.vhd \
      EN top_sumador_v1_00_a/user_logic 1666131129 CP divisor1
